Archive member included to satisfy reference by file (symbol)

c:/users/ayamu/desktop/aya/iti/arm_tourkey/tools/arm gcc/bin/../lib/gcc/arm-none-eabi/5.4.1/../../../../arm-none-eabi/lib/armv7e-m\libg_nano.a(lib_a-errno.o)
                              ./system/src/newlib/_sbrk.o (__errno)
c:/users/ayamu/desktop/aya/iti/arm_tourkey/tools/arm gcc/bin/../lib/gcc/arm-none-eabi/5.4.1/../../../../arm-none-eabi/lib/armv7e-m\libg_nano.a(lib_a-impure.o)
                              c:/users/ayamu/desktop/aya/iti/arm_tourkey/tools/arm gcc/bin/../lib/gcc/arm-none-eabi/5.4.1/../../../../arm-none-eabi/lib/armv7e-m\libg_nano.a(lib_a-errno.o) (_impure_ptr)
c:/users/ayamu/desktop/aya/iti/arm_tourkey/tools/arm gcc/bin/../lib/gcc/arm-none-eabi/5.4.1/../../../../arm-none-eabi/lib/armv7e-m\libg_nano.a(lib_a-strlen.o)
                              ./system/src/diag/Trace.o (strlen)
c:/users/ayamu/desktop/aya/iti/arm_tourkey/tools/arm gcc/bin/../lib/gcc/arm-none-eabi/5.4.1/../../../../arm-none-eabi/lib/armv7e-m\libg_nano.a(lib_a-vsnprintf.o)
                              ./system/src/diag/Trace.o (vsnprintf)
c:/users/ayamu/desktop/aya/iti/arm_tourkey/tools/arm gcc/bin/../lib/gcc/arm-none-eabi/5.4.1/../../../../arm-none-eabi/lib/armv7e-m\libg_nano.a(lib_a-nano-svfprintf.o)
                              c:/users/ayamu/desktop/aya/iti/arm_tourkey/tools/arm gcc/bin/../lib/gcc/arm-none-eabi/5.4.1/../../../../arm-none-eabi/lib/armv7e-m\libg_nano.a(lib_a-vsnprintf.o) (_svfprintf_r)
c:/users/ayamu/desktop/aya/iti/arm_tourkey/tools/arm gcc/bin/../lib/gcc/arm-none-eabi/5.4.1/../../../../arm-none-eabi/lib/armv7e-m\libg_nano.a(lib_a-nano-vfprintf_i.o)
                              c:/users/ayamu/desktop/aya/iti/arm_tourkey/tools/arm gcc/bin/../lib/gcc/arm-none-eabi/5.4.1/../../../../arm-none-eabi/lib/armv7e-m\libg_nano.a(lib_a-nano-svfprintf.o) (_printf_i)
c:/users/ayamu/desktop/aya/iti/arm_tourkey/tools/arm gcc/bin/../lib/gcc/arm-none-eabi/5.4.1/../../../../arm-none-eabi/lib/armv7e-m\libg_nano.a(lib_a-memchr.o)
                              c:/users/ayamu/desktop/aya/iti/arm_tourkey/tools/arm gcc/bin/../lib/gcc/arm-none-eabi/5.4.1/../../../../arm-none-eabi/lib/armv7e-m\libg_nano.a(lib_a-nano-svfprintf.o) (memchr)
c:/users/ayamu/desktop/aya/iti/arm_tourkey/tools/arm gcc/bin/../lib/gcc/arm-none-eabi/5.4.1/../../../../arm-none-eabi/lib/armv7e-m\libg_nano.a(lib_a-memcpy-stub.o)
                              c:/users/ayamu/desktop/aya/iti/arm_tourkey/tools/arm gcc/bin/../lib/gcc/arm-none-eabi/5.4.1/../../../../arm-none-eabi/lib/armv7e-m\libg_nano.a(lib_a-nano-svfprintf.o) (memcpy)
c:/users/ayamu/desktop/aya/iti/arm_tourkey/tools/arm gcc/bin/../lib/gcc/arm-none-eabi/5.4.1/../../../../arm-none-eabi/lib/armv7e-m\libg_nano.a(lib_a-memmove.o)
                              c:/users/ayamu/desktop/aya/iti/arm_tourkey/tools/arm gcc/bin/../lib/gcc/arm-none-eabi/5.4.1/../../../../arm-none-eabi/lib/armv7e-m\libg_nano.a(lib_a-nano-svfprintf.o) (memmove)
c:/users/ayamu/desktop/aya/iti/arm_tourkey/tools/arm gcc/bin/../lib/gcc/arm-none-eabi/5.4.1/../../../../arm-none-eabi/lib/armv7e-m\libg_nano.a(lib_a-nano-freer.o)
                              c:/users/ayamu/desktop/aya/iti/arm_tourkey/tools/arm gcc/bin/../lib/gcc/arm-none-eabi/5.4.1/../../../../arm-none-eabi/lib/armv7e-m\libg_nano.a(lib_a-nano-svfprintf.o) (_free_r)
c:/users/ayamu/desktop/aya/iti/arm_tourkey/tools/arm gcc/bin/../lib/gcc/arm-none-eabi/5.4.1/../../../../arm-none-eabi/lib/armv7e-m\libg_nano.a(lib_a-nano-mallocr.o)
                              c:/users/ayamu/desktop/aya/iti/arm_tourkey/tools/arm gcc/bin/../lib/gcc/arm-none-eabi/5.4.1/../../../../arm-none-eabi/lib/armv7e-m\libg_nano.a(lib_a-nano-svfprintf.o) (_malloc_r)
c:/users/ayamu/desktop/aya/iti/arm_tourkey/tools/arm gcc/bin/../lib/gcc/arm-none-eabi/5.4.1/../../../../arm-none-eabi/lib/armv7e-m\libg_nano.a(lib_a-nano-reallocr.o)
                              c:/users/ayamu/desktop/aya/iti/arm_tourkey/tools/arm gcc/bin/../lib/gcc/arm-none-eabi/5.4.1/../../../../arm-none-eabi/lib/armv7e-m\libg_nano.a(lib_a-nano-svfprintf.o) (_realloc_r)
c:/users/ayamu/desktop/aya/iti/arm_tourkey/tools/arm gcc/bin/../lib/gcc/arm-none-eabi/5.4.1/../../../../arm-none-eabi/lib/armv7e-m\libg_nano.a(lib_a-sbrkr.o)
                              c:/users/ayamu/desktop/aya/iti/arm_tourkey/tools/arm gcc/bin/../lib/gcc/arm-none-eabi/5.4.1/../../../../arm-none-eabi/lib/armv7e-m\libg_nano.a(lib_a-nano-mallocr.o) (_sbrk_r)
c:/users/ayamu/desktop/aya/iti/arm_tourkey/tools/arm gcc/bin/../lib/gcc/arm-none-eabi/5.4.1/../../../../arm-none-eabi/lib/armv7e-m\libg_nano.a(lib_a-mlock.o)
                              c:/users/ayamu/desktop/aya/iti/arm_tourkey/tools/arm gcc/bin/../lib/gcc/arm-none-eabi/5.4.1/../../../../arm-none-eabi/lib/armv7e-m\libg_nano.a(lib_a-nano-freer.o) (__malloc_lock)
c:/users/ayamu/desktop/aya/iti/arm_tourkey/tools/arm gcc/bin/../lib/gcc/arm-none-eabi/5.4.1/../../../../arm-none-eabi/lib/armv7e-m\libg_nano.a(lib_a-nano-msizer.o)
[...]
Memory Configuration

Name             Origin             Length             Attributes
RAM              0x20000000         0x00010000         xrw
CCMRAM           0x10000000         0x00000000         xrw
FLASH            0x08000000         0x00040000         xr
FLASHB1          0x00000000         0x00000000         xr
EXTMEMB0         0x00000000         0x00000000         xr
EXTMEMB1         0x00000000         0x00000000         xr
EXTMEMB2         0x00000000         0x00000000         xr
EXTMEMB3         0x00000000         0x00000000         xr
*default*        0x00000000         0xffffffff

Linker script and memory map

LOAD ./system/src/stm32f4-hal/stm32f4xx_hal.o
LOAD ./system/src/stm32f4-hal/stm32f4xx_hal_cortex.o
LOAD ./system/src/stm32f4-hal/stm32f4xx_hal_dfsdm.o
LOAD ./system/src/stm32f4-hal/stm32f4xx_hal_flash.o
LOAD ./system/src/stm32f4-hal/stm32f4xx_hal_flash_ex.o
LOAD ./system/src/stm32f4-hal/stm32f4xx_hal_flash_ramfunc.o
LOAD ./system/src/stm32f4-hal/stm32f4xx_hal_gpio.o
LOAD ./system/src/stm32f4-hal/stm32f4xx_hal_iwdg.o
LOAD ./system/src/stm32f4-hal/stm32f4xx_hal_pwr.o
LOAD ./system/src/stm32f4-hal/stm32f4xx_hal_rcc.o
LOAD ./system/src/newlib/_cxx.o
LOAD ./system/src/newlib/_exit.o
LOAD ./system/src/newlib/_sbrk.o
LOAD ./system/src/newlib/_startup.o
LOAD ./system/src/newlib/_syscalls.o
LOAD ./system/src/newlib/assert.o
LOAD ./system/src/diag/Trace.o
LOAD ./system/src/diag/trace_impl.o
LOAD ./system/src/cortexm/_initialize_hardware.o
LOAD ./system/src/cortexm/_reset_hardware.o
LOAD ./system/src/cortexm/exception_handlers.o
LOAD ./system/src/cmsis/system_stm32f4xx.o
LOAD ./system/src/cmsis/vectors_stm32f401xc.o
LOAD ./src/FlashProg.o
LOAD ./src/_initialize_hardware.o
LOAD ./src/_write.o
LOAD ./src/main.o
LOAD ./src/stm32f4xx_hal_msp.o
LOAD c:/users/ayamu/desktop/aya/iti/arm_tourkey/tools/arm gcc/bin/../lib/gcc/arm-none-eabi/5.4.1/../../../../arm-none-eabi/lib/armv7e-m\libstdc++_nano.a
LOAD c:/users/ayamu/desktop/aya/iti/arm_tourkey/tools/arm gcc/bin/../lib/gcc/arm-none-eabi/5.4.1/../../../../arm-none-eabi/lib/armv7e-m\libm.a
START GROUP
LOAD c:/users/ayamu/desktop/aya/iti/arm_tourkey/tools/arm gcc/bin/../lib/gcc/arm-none-eabi/5.4.1/armv7e-m\libgcc.a
LOAD c:/users/ayamu/desktop/aya/iti/arm_tourkey/tools/arm gcc/bin/../lib/gcc/arm-none-eabi/5.4.1/../../../../arm-none-eabi/lib/armv7e-m\libg_nano.a
LOAD c:/users/ayamu/desktop/aya/iti/arm_tourkey/tools/arm gcc/bin/../lib/gcc/arm-none-eabi/5.4.1/../../../../arm-none-eabi/lib/armv7e-m\libc_nano.a
END GROUP
START GROUP
LOAD c:/users/ayamu/desktop/aya/iti/arm_tourkey/tools/arm gcc/bin/../lib/gcc/arm-none-eabi/5.4.1/armv7e-m\libgcc.a
LOAD c:/users/ayamu/desktop/aya/iti/arm_tourkey/tools/arm gcc/bin/../lib/gcc/arm-none-eabi/5.4.1/../../../../arm-none-eabi/lib/armv7e-m\libc_nano.a
END GROUP
                0x20010000                __stack = (ORIGIN (RAM) + LENGTH (RAM))
                0x20010000                _estack = __stack
                0x00000400                __Main_Stack_Size = 0x400
                [!provide]                PROVIDE (_Main_Stack_Size, __Main_Stack_Size)
                0x2000fc00                __Main_Stack_Limit = (__stack - __Main_Stack_Size)
                [!provide]                PROVIDE (_Main_Stack_Limit, __Main_Stack_Limit)
                0x00000100                _Minimum_Stack_Size = 0x100
                0x20000118                PROVIDE (_Heap_Begin, _end_noinit)
                0x2000fc00                PROVIDE (_Heap_Limit, (__stack - __Main_Stack_Size))

.isr_vector     0x08000000      0x3f8
 FILL mask 0xff
                0x08000000                __vectors_start = ABSOLUTE (.)
                0x08000000                __vectors_start__ = ABSOLUTE (.)
 *(.isr_vector)
 .isr_vector    0x08000000      0x194 ./system/src/cmsis/vectors_stm32f401xc.o
                0x08000000                __isr_vectors
 *(.cfmconfig)
 *(.after_vectors .after_vectors.*)
 .after_vectors
                0x08000194      0x130 ./system/src/newlib/_startup.o
                0x08000194                _start
 .after_vectors
                0x080002c4      0x130 ./system/src/cortexm/exception_handlers.o
                0x080002c4                Reset_Handler
                0x080002cc                NMI_Handler
                0x080002d0                HardFault_Handler
                0x080002e4                HardFault_Handler_C
                0x08000344                MemManage_Handler
                0x08000348                BusFault_Handler
                0x0800035c                BusFault_Handler_C
                0x08000390                UsageFault_Handler
                0x080003a4                UsageFault_Handler_C
                0x080003d8                SVC_Handler
                0x080003dc                DebugMon_Handler
                0x080003e0                PendSV_Handler
                0x080003e4                SysTick_Handler
 .after_vectors
                0x080003f4        0x4 ./system/src/cmsis/vectors_stm32f401xc.o
                0x080003f4                RTC_Alarm_IRQHandler
                0x080003f4                EXTI2_IRQHandler
                0x080003f4                SPI4_IRQHandler
                0x080003f4                TIM1_CC_IRQHandler
                0x080003f4                DMA2_Stream5_IRQHandler
                0x080003f4                DMA1_Stream5_IRQHandler
                0x080003f4                PVD_IRQHandler
                0x080003f4                SDIO_IRQHandler
                0x080003f4                TAMP_STAMP_IRQHandler
                0x080003f4                EXTI3_IRQHandler
                0x080003f4                TIM1_UP_TIM10_IRQHandler
                0x080003f4                I2C3_ER_IRQHandler
                0x080003f4                EXTI0_IRQHandler
                0x080003f4                I2C2_EV_IRQHandler
                0x080003f4                DMA1_Stream2_IRQHandler
                0x080003f4                FPU_IRQHandler
                0x080003f4                DMA2_Stream2_IRQHandler
                0x080003f4                SPI1_IRQHandler
                0x080003f4                TIM1_BRK_TIM9_IRQHandler
                0x080003f4                DMA2_Stream3_IRQHandler
                0x080003f4                USART6_IRQHandler
                0x080003f4                DMA2_Stream0_IRQHandler
                0x080003f4                TIM4_IRQHandler
                0x080003f4                I2C1_EV_IRQHandler
                0x080003f4                DMA1_Stream6_IRQHandler
                0x080003f4                DMA1_Stream1_IRQHandler
                0x080003f4                TIM3_IRQHandler
                0x080003f4                RCC_IRQHandler
                0x080003f4                Default_Handler
                0x080003f4                EXTI15_10_IRQHandler
                0x080003f4                ADC_IRQHandler
                0x080003f4                DMA1_Stream7_IRQHandler
                0x080003f4                TIM5_IRQHandler
                0x080003f4                DMA2_Stream7_IRQHandler
                0x080003f4                I2C3_EV_IRQHandler
                0x080003f4                EXTI9_5_IRQHandler
                0x080003f4                RTC_WKUP_IRQHandler
                0x080003f4                SPI2_IRQHandler
                0x080003f4                DMA1_Stream0_IRQHandler
                0x080003f4                EXTI4_IRQHandler
                0x080003f4                WWDG_IRQHandler
                0x080003f4                TIM2_IRQHandler
                0x080003f4                OTG_FS_WKUP_IRQHandler
                0x080003f4                TIM1_TRG_COM_TIM11_IRQHandler
                0x080003f4                EXTI1_IRQHandler
                0x080003f4                USART2_IRQHandler
                0x080003f4                I2C2_ER_IRQHandler
                0x080003f4                DMA2_Stream1_IRQHandler
                0x080003f4                FLASH_IRQHandler
                0x080003f4                DMA2_Stream4_IRQHandler
                0x080003f4                USART1_IRQHandler
                0x080003f4                OTG_FS_IRQHandler
                0x080003f4                SPI3_IRQHandler
                0x080003f4                DMA1_Stream4_IRQHandler
                0x080003f4                I2C1_ER_IRQHandler
                0x080003f4                DMA2_Stream6_IRQHandler
                0x080003f4                DMA1_Stream3_IRQHandler

.inits          0x080003f8       0x28
                0x080003f8                __data_regions_array_start = .
                0x080003f8        0x4 LONG 0x8001d54 LOADADDR (.data)
                0x080003fc        0x4 LONG 0x20000000 ADDR (.data)
                0x08000400        0x4 LONG 0x20000078 (ADDR (.data) + SIZEOF (.data))
                0x08000404        0x4 LONG 0x8001d54 LOADADDR (.data_CCMRAM)
                0x08000408        0x4 LONG 0x10000000 ADDR (.data_CCMRAM)
                0x0800040c        0x4 LONG 0x10000000 (ADDR (.data_CCMRAM) + SIZEOF (.data_CCMRAM))
                0x08000410                __data_regions_array_end = .
                0x08000410                __bss_regions_array_start = .
                0x08000410        0x4 LONG 0x20000078 ADDR (.bss)
                0x08000414        0x4 LONG 0x20000118 (ADDR (.bss) + SIZEOF (.bss))
                0x08000418        0x4 LONG 0x10000000 ADDR (.bss_CCMRAM)
                0x0800041c        0x4 LONG 0x10000000 (ADDR (.bss_CCMRAM) + SIZEOF (.bss_CCMRAM))
                0x08000420                __bss_regions_array_end = .
 *(.init)
 *(.fini)
                0x08000420                . = ALIGN (0x4)
                0x08000420                PROVIDE (__preinit_array_start, .)
 *(.preinit_array_sysinit .preinit_array_sysinit.*)
 *(.preinit_array_platform .preinit_array_platform.*)
 *(.preinit_array .preinit_array.*)
                0x08000420                PROVIDE (__preinit_array_end, .)
                0x08000420                . = ALIGN (0x4)
                0x08000420                PROVIDE (__init_array_start, .)
 *(SORT(.init_array.*))
 *(.init_array)
                0x08000420                PROVIDE (__init_array_end, .)
                0x08000420                . = ALIGN (0x4)
                0x08000420                PROVIDE (__fini_array_start, .)
 *(SORT(.fini_array.*))
 *(.fini_array)
                0x08000420                PROVIDE (__fini_array_end, .)

.flashtext
 *(.flashtext .flashtext.*)

.text           0x08000420     0x1933
 *(.text .text.*)
 .text.HAL_InitTick
                0x08000420       0x2c ./system/src/stm32f4-hal/stm32f4xx_hal.o
                0x08000420                HAL_InitTick
 .text.HAL_Init
                0x0800044c       0x34 ./system/src/stm32f4-hal/stm32f4xx_hal.o
                0x0800044c                HAL_Init
 .text.HAL_GetTick
                0x08000480        0xc ./system/src/stm32f4-hal/stm32f4xx_hal.o
                0x08000480                HAL_GetTick
 .text.HAL_NVIC_SetPriorityGrouping
                0x0800048c       0x3c ./system/src/stm32f4-hal/stm32f4xx_hal_cortex.o
                0x0800048c                HAL_NVIC_SetPriorityGrouping
 .text.HAL_NVIC_SetPriority
                0x080004c8       0x84 ./system/src/stm32f4-hal/stm32f4xx_hal_cortex.o
                0x080004c8                HAL_NVIC_SetPriority
 .text.HAL_SYSTICK_Config
                0x0800054c       0x2c ./system/src/stm32f4-hal/stm32f4xx_hal_cortex.o
                0x0800054c                HAL_SYSTICK_Config
 .text.HAL_SYSTICK_CLKSourceConfig
                0x08000578       0x38 ./system/src/stm32f4-hal/stm32f4xx_hal_cortex.o
                0x08000578                HAL_SYSTICK_CLKSourceConfig
 .text.HAL_RCC_OscConfig
                0x080005b0      0x448 ./system/src/stm32f4-hal/stm32f4xx_hal_rcc.o
                0x080005b0                HAL_RCC_OscConfig
 .text.HAL_RCC_GetSysClockFreq
                0x080009f8       0xa0 ./system/src/stm32f4-hal/stm32f4xx_hal_rcc.o
                0x080009f8                HAL_RCC_GetSysClockFreq
 .text.HAL_RCC_ClockConfig
                0x08000a98      0x264 ./system/src/stm32f4-hal/stm32f4xx_hal_rcc.o
                0x08000a98                HAL_RCC_ClockConfig
 .text.HAL_RCC_GetHCLKFreq
                0x08000cfc        0xc ./system/src/stm32f4-hal/stm32f4xx_hal_rcc.o
                0x08000cfc                HAL_RCC_GetHCLKFreq
 .text._exit    0x08000d08        0x4 ./system/src/newlib/_exit.o
                0x08000d08                _exit
 .text.abort    0x08000d0c       0x14 ./system/src/newlib/_exit.o
                0x08000d0c                abort
 .text._sbrk    0x08000d20       0x44 ./system/src/newlib/_sbrk.o
                0x08000d20                _sbrk
 .text.__initialize_args
                0x08000d64       0x10 ./system/src/newlib/_syscalls.o
                0x08000d64                __initialize_args
 .text.assert_failed
                0x08000d74       0x14 ./system/src/newlib/assert.o
                0x08000d74                assert_failed
 .text.trace_printf
                0x08000d88       0x30 ./system/src/diag/Trace.o
                0x08000d88                trace_printf
 .text.trace_puts
                0x08000db8       0x20 ./system/src/diag/Trace.o
                0x08000db8                trace_puts
 .text._trace_write_semihosting_debug
                0x08000dd8       0x64 ./system/src/diag/trace_impl.o
 .text.trace_write
                0x08000e3c        0x8 ./system/src/diag/trace_impl.o
                0x08000e3c                trace_write
 .text.__initialize_hardware_early
                0x08000e44       0x18 ./system/src/cortexm/_initialize_hardware.o
                0x08000e44                __initialize_hardware_early
 .text.dumpExceptionStack
                0x08000e5c       0xf0 ./system/src/cortexm/exception_handlers.o
                0x08000e5c                dumpExceptionStack
 .text.isSemihosting
                0x08000f4c       0x20 ./system/src/cortexm/exception_handlers.o
                0x08000f4c                isSemihosting
 .text.SystemInit
                0x08000f6c       0x40 ./system/src/cmsis/system_stm32f4xx.o
                0x08000f6c                SystemInit
 .text.SystemCoreClockUpdate
                0x08000fac       0xa0 ./system/src/cmsis/system_stm32f4xx.o
                0x08000fac                SystemCoreClockUpdate
 .text.Flash_vidUnLock
                0x0800104c       0x20 ./src/FlashProg.o
                0x0800104c                Flash_vidUnLock
 .text.Flash_HalfWord
                0x0800106c       0x4c ./src/FlashProg.o
                0x0800106c                Flash_HalfWord
 .text.SystemClock_Config
                0x080010b8       0x98 ./src/_initialize_hardware.o
                0x080010b8                SystemClock_Config
 .text.__initialize_hardware
                0x08001150       0x10 ./src/_initialize_hardware.o
                0x08001150                __initialize_hardware
 .text.main     0x08001160       0x18 ./src/main.o
                0x08001160                main
 .text.HAL_MspInit
                0x08001178        0x4 ./src/stm32f4xx_hal_msp.o
                0x08001178                HAL_MspInit
 .text.__errno  0x0800117c        0xc c:/users/ayamu/desktop/aya/iti/arm_tourkey/tools/arm gcc/bin/../lib/gcc/arm-none-eabi/5.4.1/../../../../arm-none-eabi/lib/armv7e-m\libg_nano.a(lib_a-errno.o)
                0x0800117c                __errno
 .text          0x08001188       0x10 c:/users/ayamu/desktop/aya/iti/arm_tourkey/tools/arm gcc/bin/../lib/gcc/arm-none-eabi/5.4.1/../../../../arm-none-eabi/lib/armv7e-m\libg_nano.a(lib_a-strlen.o)
                0x08001188                strlen
 .text._vsnprintf_r
                0x08001198       0x56 c:/users/ayamu/desktop/aya/iti/arm_tourkey/tools/arm gcc/bin/../lib/gcc/arm-none-eabi/5.4.1/../../../../arm-none-eabi/lib/armv7e-m\libg_nano.a(lib_a-vsnprintf.o)
                0x08001198                _vsniprintf_r
                0x08001198                _vsnprintf_r
 *fill*         0x080011ee        0x2 
 .text.vsnprintf
                0x080011f0       0x1c c:/users/ayamu/desktop/aya/iti/arm_tourkey/tools/arm gcc/bin/../lib/gcc/arm-none-eabi/5.4.1/../../../../arm-none-eabi/lib/armv7e-m\libg_nano.a(lib_a-vsnprintf.o)
                0x080011f0                vsniprintf
                0x080011f0                vsnprintf
 .text.__ssputs_r
                0x0800120c       0xb2 c:/users/ayamu/desktop/aya/iti/arm_tourkey/tools/arm gcc/bin/../lib/gcc/arm-none-eabi/5.4.1/../../../../arm-none-eabi/lib/armv7e-m\libg_nano.a(lib_a-nano-svfprintf.o)
                0x0800120c                __ssputs_r
 *fill*         0x080012be        0x2 
 .text._svfprintf_r
                0x080012c0      0x1e8 c:/users/ayamu/desktop/aya/iti/arm_tourkey/tools/arm gcc/bin/../lib/gcc/arm-none-eabi/5.4.1/../../../../arm-none-eabi/lib/armv7e-m\libg_nano.a(lib_a-nano-svfprintf.o)
                0x080012c0                _svfiprintf_r
                0x080012c0                _svfprintf_r
 .text._printf_common
                0x080014a8       0xec c:/users/ayamu/desktop/aya/iti/arm_tourkey/tools/arm gcc/bin/../lib/gcc/arm-none-eabi/5.4.1/../../../../arm-none-eabi/lib/armv7e-m\libg_nano.a(lib_a-nano-vfprintf_i.o)
                0x080014a8                _printf_common
 .text._printf_i
                0x08001594      0x24c c:/users/ayamu/desktop/aya/iti/arm_tourkey/tools/arm gcc/bin/../lib/gcc/arm-none-eabi/5.4.1/../../../../arm-none-eabi/lib/armv7e-m\libg_nano.a(lib_a-nano-vfprintf_i.o)
                0x08001594                _printf_i
 .text          0x080017e0       0xa0 c:/users/ayamu/desktop/aya/iti/arm_tourkey/tools/arm gcc/bin/../lib/gcc/arm-none-eabi/5.4.1/../../../../arm-none-eabi/lib/armv7e-m\libg_nano.a(lib_a-memchr.o)
                0x080017e0                memchr
 .text.memcpy   0x08001880       0x16 c:/users/ayamu/desktop/aya/iti/arm_tourkey/tools/arm gcc/bin/../lib/gcc/arm-none-eabi/5.4.1/../../../../arm-none-eabi/lib/armv7e-m\libg_nano.a(lib_a-memcpy-stub.o)
                0x08001880                memcpy
 .text.memmove  0x08001896       0x36 c:/users/ayamu/desktop/aya/iti/arm_tourkey/tools/arm gcc/bin/../lib/gcc/arm-none-eabi/5.4.1/../../../../arm-none-eabi/lib/armv7e-m\libg_nano.a(lib_a-memmove.o)
                0x08001896                memmove
 .text._free_r  0x080018cc       0x9c c:/users/ayamu/desktop/aya/iti/arm_tourkey/tools/arm gcc/bin/../lib/gcc/arm-none-eabi/5.4.1/../../../../arm-none-eabi/lib/armv7e-m\libg_nano.a(lib_a-nano-freer.o)
                0x080018cc                _free_r
 .text._malloc_r
                0x08001968       0xbc c:/users/ayamu/desktop/aya/iti/arm_tourkey/tools/arm gcc/bin/../lib/gcc/arm-none-eabi/5.4.1/../../../../arm-none-eabi/lib/armv7e-m\libg_nano.a(lib_a-nano-mallocr.o)
                0x08001968                _malloc_r
 .text._realloc_r
                0x08001a24       0x4c c:/users/ayamu/desktop/aya/iti/arm_tourkey/tools/arm gcc/bin/../lib/gcc/arm-none-eabi/5.4.1/../../../../arm-none-eabi/lib/armv7e-m\libg_nano.a(lib_a-nano-reallocr.o)
                0x08001a24                _realloc_r
 .text._sbrk_r  0x08001a70       0x20 c:/users/ayamu/desktop/aya/iti/arm_tourkey/tools/arm gcc/bin/../lib/gcc/arm-none-eabi/5.4.1/../../../../arm-none-eabi/lib/armv7e-m\libg_nano.a(lib_a-sbrkr.o)
                0x08001a70                _sbrk_r
 .text.__malloc_lock
                0x08001a90        0x2 c:/users/ayamu/desktop/aya/iti/arm_tourkey/tools/arm gcc/bin/../lib/gcc/arm-none-eabi/5.4.1/../../../../arm-none-eabi/lib/armv7e-m\libg_nano.a(lib_a-mlock.o)
                0x08001a90                __malloc_lock
 .text.__malloc_unlock
                0x08001a92        0x2 c:/users/ayamu/desktop/aya/iti/arm_tourkey/tools/arm gcc/bin/../lib/gcc/arm-none-eabi/5.4.1/../../../../arm-none-eabi/lib/armv7e-m\libg_nano.a(lib_a-mlock.o)
                0x08001a92                __malloc_unlock
 .text._malloc_usable_size_r
                0x08001a94       0x14 c:/users/ayamu/desktop/aya/iti/arm_tourkey/tools/arm gcc/bin/../lib/gcc/arm-none-eabi/5.4.1/../../../../arm-none-eabi/lib/armv7e-m\libg_nano.a(lib_a-nano-msizer.o)
                0x08001a94                _malloc_usable_size_r
 *(.rodata .rodata.* .constdata .constdata.*)
 .rodata.str1.4
                0x08001aa8       0x31 ./system/src/stm32f4-hal/stm32f4xx_hal_cortex.o
 *fill*         0x08001ad9        0x3 
 .rodata.APBAHBPrescTable
                0x08001adc       0x10 ./system/src/stm32f4-hal/stm32f4xx_hal_rcc.o
                0x08001adc                APBAHBPrescTable
 .rodata.str1.4
                0x08001aec       0x2e ./system/src/stm32f4-hal/stm32f4xx_hal_rcc.o
 *fill*         0x08001b1a        0x2 
 .rodata.str1.4
                0x08001b1c       0x14 ./system/src/newlib/_exit.o
 .rodata.str1.4
                0x08001b30       0x6b ./system/src/newlib/assert.o
                                 0x6f (size before relaxing)
 *fill*         0x08001b9b        0x1 
 .rodata.str1.4
                0x08001b9c       0x29 ./system/src/diag/Trace.o
                                 0x2d (size before relaxing)
 *fill*         0x08001bc5        0x3 
 .rodata.str1.4
                0x08001bc8      0x148 ./system/src/cortexm/exception_handlers.o
                                0x146 (size before relaxing)
 .rodata.AHBPrescTable
                0x08001d10       0x10 ./system/src/cmsis/system_stm32f4xx.o
                0x08001d10                AHBPrescTable
 .rodata.str1.1
                0x08001d20       0x11 c:/users/ayamu/desktop/aya/iti/arm_tourkey/tools/arm gcc/bin/../lib/gcc/arm-none-eabi/5.4.1/../../../../arm-none-eabi/lib/armv7e-m\libg_nano.a(lib_a-nano-svfprintf.o)
 .rodata.str1.1
                0x08001d31       0x22 c:/users/ayamu/desktop/aya/iti/arm_tourkey/tools/arm gcc/bin/../lib/gcc/arm-none-eabi/5.4.1/../../../../arm-none-eabi/lib/armv7e-m\libg_nano.a(lib_a-nano-vfprintf_i.o)
 *(vtable)
 *(.eh_frame*)
 *(.glue_7)
 .glue_7        0x08001d53        0x0 linker stubs
 *(.glue_7t)
 .glue_7t       0x08001d53        0x0 linker stubs

.vfp11_veneer   0x08001d54        0x0
 .vfp11_veneer  0x08001d54        0x0 linker stubs

.v4_bx          0x08001d54        0x0
 .v4_bx         0x08001d54        0x0 linker stubs

.iplt           0x08001d54        0x0
 .iplt          0x08001d54        0x0 ./system/src/stm32f4-hal/stm32f4xx_hal.o

.rel.dyn        0x08001d54        0x0
 .rel.iplt      0x08001d54        0x0 ./system/src/stm32f4-hal/stm32f4xx_hal.o

.ARM.extab
 *(.ARM.extab* .gnu.linkonce.armextab.*)
                0x08001d54                . = ALIGN (0x4)
                0x08001d54                __exidx_start = .

.ARM.exidx
 *(.ARM.exidx* .gnu.linkonce.armexidx.*)
                0x08001d54                __exidx_end = .
                0x08001d54                . = ALIGN (0x4)
                0x08001d54                _etext = .
                0x08001d54                __etext = .

.data_CCMRAM    0x10000000        0x0 load address 0x08001d54
 FILL mask 0xff
 *(.data.CCMRAM .data.CCMRAM.*)
                0x10000000                . = ALIGN (0x4)
                0x08001d54                _sidata = LOADADDR (.data)

.data           0x20000000       0x78 load address 0x08001d54
 FILL mask 0xff
                0x20000000                _sdata = .
                0x20000000                __data_start__ = .
 *(.data_begin .data_begin.*)
 .data_begin    0x20000000        0x4 ./system/src/newlib/_startup.o
 *(.data .data.*)
 .data.argv.4290
                0x20000004        0x8 ./system/src/newlib/_syscalls.o
 .data.SystemCoreClock
                0x2000000c        0x4 ./system/src/cmsis/system_stm32f4xx.o
                0x2000000c                SystemCoreClock
 .data.impure_data
                0x20000010       0x60 c:/users/ayamu/desktop/aya/iti/arm_tourkey/tools/arm gcc/bin/../lib/gcc/arm-none-eabi/5.4.1/../../../../arm-none-eabi/lib/armv7e-m\libg_nano.a(lib_a-impure.o)
 .data._impure_ptr
                0x20000070        0x4 c:/users/ayamu/desktop/aya/iti/arm_tourkey/tools/arm gcc/bin/../lib/gcc/arm-none-eabi/5.4.1/../../../../arm-none-eabi/lib/armv7e-m\libg_nano.a(lib_a-impure.o)
                0x20000070                _impure_ptr
 *(.data_end .data_end.*)
 .data_end      0x20000074        0x4 ./system/src/newlib/_startup.o
                0x20000078                . = ALIGN (0x4)
                0x20000078                _edata = .
                0x20000078                __data_end__ = .

.igot.plt       0x20000078        0x0 load address 0x08001dcc
 .igot.plt      0x20000078        0x0 ./system/src/stm32f4-hal/stm32f4xx_hal.o

.bss_CCMRAM     0x10000000        0x0
 *(.bss.CCMRAM .bss.CCMRAM.*)

.bss            0x20000078       0xa0
                0x20000078                __bss_start__ = .
                0x20000078                _sbss = .
 *(.bss_begin .bss_begin.*)
 .bss_begin     0x20000078        0x4 ./system/src/newlib/_startup.o
 *(.bss .bss.*)
 .bss.current_heap_end.3974
                0x2000007c        0x4 ./system/src/newlib/_sbrk.o
 .bss.name.4289
                0x20000080        0x1 ./system/src/newlib/_syscalls.o
 *fill*         0x20000081        0x3 
 .bss.buf.5179  0x20000084       0x80 ./system/src/diag/Trace.o
 .bss.__malloc_sbrk_start
                0x20000104        0x4 c:/users/ayamu/desktop/aya/iti/arm_tourkey/tools/arm gcc/bin/../lib/gcc/arm-none-eabi/5.4.1/../../../../arm-none-eabi/lib/armv7e-m\libg_nano.a(lib_a-nano-mallocr.o)
                0x20000104                __malloc_sbrk_start
 .bss.__malloc_free_list
                0x20000108        0x4 c:/users/ayamu/desktop/aya/iti/arm_tourkey/tools/arm gcc/bin/../lib/gcc/arm-none-eabi/5.4.1/../../../../arm-none-eabi/lib/armv7e-m\libg_nano.a(lib_a-nano-mallocr.o)
                0x20000108                __malloc_free_list
 *(COMMON)
 COMMON         0x2000010c        0x4 ./system/src/stm32f4-hal/stm32f4xx_hal.o
                0x2000010c                uwTick
 COMMON         0x20000110        0x4 ./system/src/newlib/_syscalls.o
                0x20000110                errno
 *(.bss_end .bss_end.*)
 .bss_end       0x20000114        0x4 ./system/src/newlib/_startup.o
                0x20000118                . = ALIGN (0x4)
                0x20000118                __bss_end__ = .
                0x20000118                _ebss = .

.noinit_CCMRAM
 *(.noinit.CCMRAM .noinit.CCMRAM.*)

.noinit         0x20000118        0x0
                0x20000118                _noinit = .
 *(.noinit .noinit.*)
                0x20000118                . = ALIGN (0x4)
                0x20000118                _end_noinit = .
                [!provide]                PROVIDE (end, _end_noinit)
                [!provide]                PROVIDE (_end, _end_noinit)
                [!provide]                PROVIDE (__end, _end_noinit)
                [!provide]                PROVIDE (__end__, _end_noinit)

._check_stack   0x20000118      0x100
                0x20000218                . = (. + _Minimum_Stack_Size)
 *fill*         0x20000118      0x100 

.b1text
 *(.b1text)
 *(.b1rodata)
 *(.b1rodata.*)

.eb0text
 *(.eb0text)
 *(.eb0rodata)
 *(.eb0rodata.*)

.eb1text
 *(.eb1text)
 *(.eb1rodata)
 *(.eb1rodata.*)

.eb2text
 *(.eb2text)
 *(.eb2rodata)
 *(.eb2rodata.*)

.eb3text
 *(.eb3text)
 *(.eb3rodata)
 *(.eb3rodata.*)

.stab
 *(.stab)

.stabstr
 *(.stabstr)

.stab.excl
 *(.stab.excl)

.stab.exclstr
 *(.stab.exclstr)

.stab.index
 *(.stab.index)

.stab.indexstr
 *(.stab.indexstr)

.comment        0x00000000       0x6e
 *(.comment)
 .comment       0x00000000       0x6e ./system/src/stm32f4-hal/stm32f4xx_hal.o
                                 0x6f (size before relaxing)
 .comment       0x0000006e       0x6f ./system/src/stm32f4-hal/stm32f4xx_hal_cortex.o
 .comment       0x0000006e       0x6f ./system/src/stm32f4-hal/stm32f4xx_hal_rcc.o
 .comment       0x0000006e       0x6f ./system/src/newlib/_exit.o
 .comment       0x0000006e       0x6f ./system/src/newlib/_sbrk.o
 .comment       0x0000006e       0x6f ./system/src/newlib/_startup.o
 .comment       0x0000006e       0x6f ./system/src/newlib/_syscalls.o
 .comment       0x0000006e       0x6f ./system/src/newlib/assert.o
 .comment       0x0000006e       0x6f ./system/src/diag/Trace.o
 .comment       0x0000006e       0x6f ./system/src/diag/trace_impl.o
 .comment       0x0000006e       0x6f ./system/src/cortexm/_initialize_hardware.o
 .comment       0x0000006e       0x6f ./system/src/cortexm/exception_handlers.o
 .comment       0x0000006e       0x6f ./system/src/cmsis/system_stm32f4xx.o
 .comment       0x0000006e       0x6f ./system/src/cmsis/vectors_stm32f401xc.o
 .comment       0x0000006e       0x6f ./src/FlashProg.o
 .comment       0x0000006e       0x6f ./src/_initialize_hardware.o
 .comment       0x0000006e       0x6f ./src/main.o
 .comment       0x0000006e       0x6f ./src/stm32f4xx_hal_msp.o

.ARM.attributes
                0x00000000       0x31
 .ARM.attributes
                0x00000000       0x33 ./system/src/stm32f4-hal/stm32f4xx_hal.o
 .ARM.attributes
                0x00000033       0x33 ./system/src/stm32f4-hal/stm32f4xx_hal_cortex.o
 .ARM.attributes
                0x00000066       0x33 ./system/src/stm32f4-hal/stm32f4xx_hal_rcc.o
 .ARM.attributes
                0x00000099       0x33 ./system/src/newlib/_exit.o
 .ARM.attributes
                0x000000cc       0x33 ./system/src/newlib/_sbrk.o
 .ARM.attributes
                0x000000ff       0x33 ./system/src/newlib/_startup.o
 .ARM.attributes
                0x00000132       0x33 ./system/src/newlib/_syscalls.o
 .ARM.attributes
                0x00000165       0x33 ./system/src/newlib/assert.o
 .ARM.attributes
                0x00000198       0x33 ./system/src/diag/Trace.o
 .ARM.attributes
                0x000001cb       0x33 ./system/src/diag/trace_impl.o
 .ARM.attributes
                0x000001fe       0x33 ./system/src/cortexm/_initialize_hardware.o
 .ARM.attributes
                0x00000231       0x33 ./system/src/cortexm/exception_handlers.o
 .ARM.attributes
                0x00000264       0x33 ./system/src/cmsis/system_stm32f4xx.o
 .ARM.attributes
                0x00000297       0x33 ./system/src/cmsis/vectors_stm32f401xc.o
 .ARM.attributes
                0x000002ca       0x33 ./src/FlashProg.o
 .ARM.attributes
                0x000002fd       0x33 ./src/_initialize_hardware.o
 .ARM.attributes
                0x00000330       0x33 ./src/main.o
 .ARM.attributes
                0x00000363       0x33 ./src/stm32f4xx_hal_msp.o
 .ARM.attributes
                0x00000396       0x2e c:/users/ayamu/desktop/aya/iti/arm_tourkey/tools/arm gcc/bin/../lib/gcc/arm-none-eabi/5.4.1/../../../../arm-none-eabi/lib/armv7e-m\libg_nano.a(lib_a-errno.o)
 .ARM.attributes
                0x000003c4       0x2e c:/users/ayamu/desktop/aya/iti/arm_tourkey/tools/arm gcc/bin/../lib/gcc/arm-none-eabi/5.4.1/../../../../arm-none-eabi/lib/armv7e-m\libg_nano.a(lib_a-impure.o)
 .ARM.attributes
                0x000003f2       0x17 c:/users/ayamu/desktop/aya/iti/arm_tourkey/tools/arm gcc/bin/../lib/gcc/arm-none-eabi/5.4.1/../../../../arm-none-eabi/lib/armv7e-m\libg_nano.a(lib_a-strlen.o)
 .ARM.attributes
                0x00000409       0x2e c:/users/ayamu/desktop/aya/iti/arm_tourkey/tools/arm gcc/bin/../lib/gcc/arm-none-eabi/5.4.1/../../../../arm-none-eabi/lib/armv7e-m\libg_nano.a(lib_a-vsnprintf.o)
 .ARM.attributes
                0x00000437       0x2e c:/users/ayamu/desktop/aya/iti/arm_tourkey/tools/arm gcc/bin/../lib/gcc/arm-none-eabi/5.4.1/../../../../arm-none-eabi/lib/armv7e-m\libg_nano.a(lib_a-nano-svfprintf.o)
 .ARM.attributes
                0x00000465       0x2e c:/users/ayamu/desktop/aya/iti/arm_tourkey/tools/arm gcc/bin/../lib/gcc/arm-none-eabi/5.4.1/../../../../arm-none-eabi/lib/armv7e-m\libg_nano.a(lib_a-nano-vfprintf_i.o)
 .ARM.attributes
                0x00000493       0x1c c:/users/ayamu/desktop/aya/iti/arm_tourkey/tools/arm gcc/bin/../lib/gcc/arm-none-eabi/5.4.1/../../../../arm-none-eabi/lib/armv7e-m\libg_nano.a(lib_a-memchr.o)
 .ARM.attributes
                0x000004af       0x2e c:/users/ayamu/desktop/aya/iti/arm_tourkey/tools/arm gcc/bin/../lib/gcc/arm-none-eabi/5.4.1/../../../../arm-none-eabi/lib/armv7e-m\libg_nano.a(lib_a-memcpy-stub.o)
 .ARM.attributes
                0x000004dd       0x2e c:/users/ayamu/desktop/aya/iti/arm_tourkey/tools/arm gcc/bin/../lib/gcc/arm-none-eabi/5.4.1/../../../../arm-none-eabi/lib/armv7e-m\libg_nano.a(lib_a-memmove.o)
 .ARM.attributes
                0x0000050b       0x2e c:/users/ayamu/desktop/aya/iti/arm_tourkey/tools/arm gcc/bin/../lib/gcc/arm-none-eabi/5.4.1/../../../../arm-none-eabi/lib/armv7e-m\libg_nano.a(lib_a-nano-freer.o)
 .ARM.attributes
                0x00000539       0x2e c:/users/ayamu/desktop/aya/iti/arm_tourkey/tools/arm gcc/bin/../lib/gcc/arm-none-eabi/5.4.1/../../../../arm-none-eabi/lib/armv7e-m\libg_nano.a(lib_a-nano-mallocr.o)
 .ARM.attributes
                0x00000567       0x2e c:/users/ayamu/desktop/aya/iti/arm_tourkey/tools/arm gcc/bin/../lib/gcc/arm-none-eabi/5.4.1/../../../../arm-none-eabi/lib/armv7e-m\libg_nano.a(lib_a-nano-reallocr.o)
 .ARM.attributes
                0x00000595       0x2e c:/users/ayamu/desktop/aya/iti/arm_tourkey/tools/arm gcc/bin/../lib/gcc/arm-none-eabi/5.4.1/../../../../arm-none-eabi/lib/armv7e-m\libg_nano.a(lib_a-sbrkr.o)
 .ARM.attributes
                0x000005c3       0x2e c:/users/ayamu/desktop/aya/iti/arm_tourkey/tools/arm gcc/bin/../lib/gcc/arm-none-eabi/5.4.1/../../../../arm-none-eabi/lib/armv7e-m\libg_nano.a(lib_a-mlock.o)
 .ARM.attributes
                0x000005f1       0x2e c:/users/ayamu/desktop/aya/iti/arm_tourkey/tools/arm gcc/bin/../lib/gcc/arm-none-eabi/5.4.1/../../../../arm-none-eabi/lib/armv7e-m\libg_nano.a(lib_a-nano-msizer.o)

.debug
 *(.debug)

.line
 *(.line)

.debug_srcinfo
 *(.debug_srcinfo)

.debug_sfnames
 *(.debug_sfnames)

.debug_aranges  0x00000000      0x4f0
 *(.debug_aranges)
 .debug_aranges
                0x00000000       0xc0 ./system/src/stm32f4-hal/stm32f4xx_hal.o
 .debug_aranges
                0x000000c0       0x98 ./system/src/stm32f4-hal/stm32f4xx_hal_cortex.o
 .debug_aranges
                0x00000158       0x88 ./system/src/stm32f4-hal/stm32f4xx_hal_rcc.o
 .debug_aranges
                0x000001e0       0x28 ./system/src/newlib/_exit.o
 .debug_aranges
                0x00000208       0x20 ./system/src/newlib/_sbrk.o
 .debug_aranges
                0x00000228       0x40 ./system/src/newlib/_startup.o
 .debug_aranges
                0x00000268       0x30 ./system/src/newlib/_syscalls.o
 .debug_aranges
                0x00000298       0x28 ./system/src/newlib/assert.o
 .debug_aranges
                0x000002c0       0x38 ./system/src/diag/Trace.o
 .debug_aranges
                0x000002f8       0x30 ./system/src/diag/trace_impl.o
 .debug_aranges
                0x00000328       0x28 ./system/src/cortexm/_initialize_hardware.o
 .debug_aranges
                0x00000350       0x90 ./system/src/cortexm/exception_handlers.o
 .debug_aranges
                0x000003e0       0x28 ./system/src/cmsis/system_stm32f4xx.o
 .debug_aranges
                0x00000408       0x20 ./system/src/cmsis/vectors_stm32f401xc.o
 .debug_aranges
                0x00000428       0x48 ./src/FlashProg.o
 .debug_aranges
                0x00000470       0x28 ./src/_initialize_hardware.o
 .debug_aranges
                0x00000498       0x20 ./src/main.o
 .debug_aranges
                0x000004b8       0x38 ./src/stm32f4xx_hal_msp.o

.debug_pubnames
 *(.debug_pubnames)

.debug_info     0x00000000     0x531b
 *(.debug_info .gnu.linkonce.wi.*)
 .debug_info    0x00000000      0x867 ./system/src/stm32f4-hal/stm32f4xx_hal.o
 .debug_info    0x00000867     0x105e ./system/src/stm32f4-hal/stm32f4xx_hal_cortex.o
 .debug_info    0x000018c5      0xf67 ./system/src/stm32f4-hal/stm32f4xx_hal_rcc.o
 .debug_info    0x0000282c       0xef ./system/src/newlib/_exit.o
 .debug_info    0x0000291b      0x11f ./system/src/newlib/_sbrk.o
 .debug_info    0x00002a3a      0x4f2 ./system/src/newlib/_startup.o
 .debug_info    0x00002f2c      0x1c7 ./system/src/newlib/_syscalls.o
 .debug_info    0x000030f3      0x1a3 ./system/src/newlib/assert.o
 .debug_info    0x00003296      0x2e7 ./system/src/diag/Trace.o
 .debug_info    0x0000357d      0x30b ./system/src/diag/trace_impl.o
 .debug_info    0x00003888      0x2bf ./system/src/cortexm/_initialize_hardware.o
 .debug_info    0x00003b47      0x8f4 ./system/src/cortexm/exception_handlers.o
 .debug_info    0x0000443b      0x4e3 ./system/src/cmsis/system_stm32f4xx.o
 .debug_info    0x0000491e       0xd1 ./system/src/cmsis/vectors_stm32f401xc.o
 .debug_info    0x000049ef      0x211 ./src/FlashProg.o
 .debug_info    0x00004c00      0x515 ./src/_initialize_hardware.o
 .debug_info    0x00005115      0x121 ./src/main.o
 .debug_info    0x00005236       0xe5 ./src/stm32f4xx_hal_msp.o

.debug_abbrev   0x00000000     0x1847
 *(.debug_abbrev)
 .debug_abbrev  0x00000000      0x260 ./system/src/stm32f4-hal/stm32f4xx_hal.o
 .debug_abbrev  0x00000260      0x324 ./system/src/stm32f4-hal/stm32f4xx_hal_cortex.o
 .debug_abbrev  0x00000584      0x2d2 ./system/src/stm32f4-hal/stm32f4xx_hal_rcc.o
 .debug_abbrev  0x00000856       0x8e ./system/src/newlib/_exit.o
 .debug_abbrev  0x000008e4       0xb9 ./system/src/newlib/_sbrk.o
 .debug_abbrev  0x0000099d      0x1b6 ./system/src/newlib/_startup.o
 .debug_abbrev  0x00000b53       0xec ./system/src/newlib/_syscalls.o
 .debug_abbrev  0x00000c3f       0xab ./system/src/newlib/assert.o
 .debug_abbrev  0x00000cea      0x156 ./system/src/diag/Trace.o
 .debug_abbrev  0x00000e40      0x1c8 ./system/src/diag/trace_impl.o
 .debug_abbrev  0x00001008       0xea ./system/src/cortexm/_initialize_hardware.o
 .debug_abbrev  0x000010f2      0x247 ./system/src/cortexm/exception_handlers.o
 .debug_abbrev  0x00001339      0x104 ./system/src/cmsis/system_stm32f4xx.o
 .debug_abbrev  0x0000143d       0x9d ./system/src/cmsis/vectors_stm32f401xc.o
 .debug_abbrev  0x000014da      0x113 ./src/FlashProg.o
 .debug_abbrev  0x000015ed      0x14c ./src/_initialize_hardware.o
 .debug_abbrev  0x00001739       0xa4 ./src/main.o
 .debug_abbrev  0x000017dd       0x6a ./src/stm32f4xx_hal_msp.o

.debug_line     0x00000000     0x7e84
 *(.debug_line)
 .debug_line    0x00000000      0xb6e ./system/src/stm32f4-hal/stm32f4xx_hal.o
 .debug_line    0x00000b6e      0xc51 ./system/src/stm32f4-hal/stm32f4xx_hal_cortex.o
 .debug_line    0x000017bf      0xe20 ./system/src/stm32f4-hal/stm32f4xx_hal_rcc.o
 .debug_line    0x000025df      0x33d ./system/src/newlib/_exit.o
 .debug_line    0x0000291c      0x2ee ./system/src/newlib/_sbrk.o
 .debug_line    0x00002c0a      0x3b6 ./system/src/newlib/_startup.o
 .debug_line    0x00002fc0      0x409 ./system/src/newlib/_syscalls.o
 .debug_line    0x000033c9      0x378 ./system/src/newlib/assert.o
 .debug_line    0x00003741      0x3ab ./system/src/diag/Trace.o
 .debug_line    0x00003aec      0xaaa ./system/src/diag/trace_impl.o
 .debug_line    0x00004596      0xa12 ./system/src/cortexm/_initialize_hardware.o
 .debug_line    0x00004fa8      0xb48 ./system/src/cortexm/exception_handlers.o
 .debug_line    0x00005af0      0xa12 ./system/src/cmsis/system_stm32f4xx.o
 .debug_line    0x00006502      0x105 ./system/src/cmsis/vectors_stm32f401xc.o
 .debug_line    0x00006607       0xff ./src/FlashProg.o
 .debug_line    0x00006706      0xa0e ./src/_initialize_hardware.o
 .debug_line    0x00007114      0x364 ./src/main.o
 .debug_line    0x00007478      0xa0c ./src/stm32f4xx_hal_msp.o

.debug_frame    0x00000000      0xc94
 *(.debug_frame)
 .debug_frame   0x00000000      0x188 ./system/src/stm32f4-hal/stm32f4xx_hal.o
 .debug_frame   0x00000188      0x17c ./system/src/stm32f4-hal/stm32f4xx_hal_cortex.o
 .debug_frame   0x00000304      0x150 ./system/src/stm32f4-hal/stm32f4xx_hal_rcc.o
 .debug_frame   0x00000454       0x38 ./system/src/newlib/_exit.o
 .debug_frame   0x0000048c       0x28 ./system/src/newlib/_sbrk.o
 .debug_frame   0x000004b4       0x7c ./system/src/newlib/_startup.o
 .debug_frame   0x00000530       0x50 ./system/src/newlib/_syscalls.o
 .debug_frame   0x00000580       0x40 ./system/src/newlib/assert.o
 .debug_frame   0x000005c0       0x94 ./system/src/diag/Trace.o
 .debug_frame   0x00000654       0x60 ./system/src/diag/trace_impl.o
 .debug_frame   0x000006b4       0x40 ./system/src/cortexm/_initialize_hardware.o
 .debug_frame   0x000006f4      0x158 ./system/src/cortexm/exception_handlers.o
 .debug_frame   0x0000084c       0x30 ./system/src/cmsis/system_stm32f4xx.o
 .debug_frame   0x0000087c       0x20 ./system/src/cmsis/vectors_stm32f401xc.o
 .debug_frame   0x0000089c       0x70 ./src/FlashProg.o
 .debug_frame   0x0000090c       0x4c ./src/_initialize_hardware.o
 .debug_frame   0x00000958       0x28 ./src/main.o
 .debug_frame   0x00000980       0x50 ./src/stm32f4xx_hal_msp.o
 .debug_frame   0x000009d0       0x20 c:/users/ayamu/desktop/aya/iti/arm_tourkey/tools/arm gcc/bin/../lib/gcc/arm-none-eabi/5.4.1/../../../../arm-none-eabi/lib/armv7e-m\libg_nano.a(lib_a-errno.o)
 .debug_frame   0x000009f0       0x48 c:/users/ayamu/desktop/aya/iti/arm_tourkey/tools/arm gcc/bin/../lib/gcc/arm-none-eabi/5.4.1/../../../../arm-none-eabi/lib/armv7e-m\libg_nano.a(lib_a-vsnprintf.o)
 .debug_frame   0x00000a38       0x90 c:/users/ayamu/desktop/aya/iti/arm_tourkey/tools/arm gcc/bin/../lib/gcc/arm-none-eabi/5.4.1/../../../../arm-none-eabi/lib/armv7e-m\libg_nano.a(lib_a-nano-svfprintf.o)
 .debug_frame   0x00000ac8       0x60 c:/users/ayamu/desktop/aya/iti/arm_tourkey/tools/arm gcc/bin/../lib/gcc/arm-none-eabi/5.4.1/../../../../arm-none-eabi/lib/armv7e-m\libg_nano.a(lib_a-nano-vfprintf_i.o)
 .debug_frame   0x00000b28       0x28 c:/users/ayamu/desktop/aya/iti/arm_tourkey/tools/arm gcc/bin/../lib/gcc/arm-none-eabi/5.4.1/../../../../arm-none-eabi/lib/armv7e-m\libg_nano.a(lib_a-memcpy-stub.o)
 .debug_frame   0x00000b50       0x28 c:/users/ayamu/desktop/aya/iti/arm_tourkey/tools/arm gcc/bin/../lib/gcc/arm-none-eabi/5.4.1/../../../../arm-none-eabi/lib/armv7e-m\libg_nano.a(lib_a-memmove.o)
 .debug_frame   0x00000b78       0x38 c:/users/ayamu/desktop/aya/iti/arm_tourkey/tools/arm gcc/bin/../lib/gcc/arm-none-eabi/5.4.1/../../../../arm-none-eabi/lib/armv7e-m\libg_nano.a(lib_a-nano-freer.o)
 .debug_frame   0x00000bb0       0x2c c:/users/ayamu/desktop/aya/iti/arm_tourkey/tools/arm gcc/bin/../lib/gcc/arm-none-eabi/5.4.1/../../../../arm-none-eabi/lib/armv7e-m\libg_nano.a(lib_a-nano-mallocr.o)
 .debug_frame   0x00000bdc       0x3c c:/users/ayamu/desktop/aya/iti/arm_tourkey/tools/arm gcc/bin/../lib/gcc/arm-none-eabi/5.4.1/../../../../arm-none-eabi/lib/armv7e-m\libg_nano.a(lib_a-nano-reallocr.o)
 .debug_frame   0x00000c18       0x2c c:/users/ayamu/desktop/aya/iti/arm_tourkey/tools/arm gcc/bin/../lib/gcc/arm-none-eabi/5.4.1/../../../../arm-none-eabi/lib/armv7e-m\libg_nano.a(lib_a-sbrkr.o)
 .debug_frame   0x00000c44       0x30 c:/users/ayamu/desktop/aya/iti/arm_tourkey/tools/arm gcc/bin/../lib/gcc/arm-none-eabi/5.4.1/../../../../arm-none-eabi/lib/armv7e-m\libg_nano.a(lib_a-mlock.o)
 .debug_frame   0x00000c74       0x20 c:/users/ayamu/desktop/aya/iti/arm_tourkey/tools/arm gcc/bin/../lib/gcc/arm-none-eabi/5.4.1/../../../../arm-none-eabi/lib/armv7e-m\libg_nano.a(lib_a-nano-msizer.o)

.debug_str      0x00000000    0x72b6c
 *(.debug_str)
 .debug_str     0x00000000    0x6ed69 ./system/src/stm32f4-hal/stm32f4xx_hal.o
                              0x6f14a (size before relaxing)
 .debug_str     0x0006ed69      0x39d ./system/src/stm32f4-hal/stm32f4xx_hal_cortex.o
                              0x6efa4 (size before relaxing)
 .debug_str     0x0006f106      0x400 ./system/src/stm32f4-hal/stm32f4xx_hal_rcc.o
                              0x6eccc (size before relaxing)
 .debug_str     0x0006f506     0x10b6 ./system/src/newlib/_exit.o
                               0x6ee4 (size before relaxing)
 .debug_str     0x000705bc      0x4de ./system/src/newlib/_sbrk.o
                               0x62cf (size before relaxing)
 .debug_str     0x00070a9a      0x2cc ./system/src/newlib/_startup.o
                               0x5eea (size before relaxing)
 .debug_str     0x00070d66      0xe18 ./system/src/newlib/_syscalls.o
                               0x712f (size before relaxing)
 .debug_str     0x00071b7e       0xd5 ./system/src/newlib/assert.o
                               0x79e9 (size before relaxing)
 .debug_str     0x00071c53      0x169 ./system/src/diag/Trace.o
                               0x76d4 (size before relaxing)
 .debug_str     0x00071dbc      0x37b ./system/src/diag/trace_impl.o
                              0x6f9ea (size before relaxing)
 .debug_str     0x00072137       0x5e ./system/src/cortexm/_initialize_hardware.o
                              0x6e7cb (size before relaxing)
 .debug_str     0x00072195      0x19d ./system/src/cortexm/exception_handlers.o
                              0x6fb74 (size before relaxing)
 .debug_str     0x00072332       0x46 ./system/src/cmsis/system_stm32f4xx.o
                              0x6e8bc (size before relaxing)
 .debug_str     0x00072378       0x59 ./system/src/cmsis/vectors_stm32f401xc.o
                               0x30a1 (size before relaxing)
 .debug_str     0x000723d1      0x71f ./src/FlashProg.o
                               0x2ceb (size before relaxing)
 .debug_str     0x00072af0       0x31 ./src/_initialize_hardware.o
                              0x6e9c2 (size before relaxing)
 .debug_str     0x00072b21        0xe ./src/main.o
                               0x785f (size before relaxing)
 .debug_str     0x00072b2f       0x3d ./src/stm32f4xx_hal_msp.o
                              0x6e70a (size before relaxing)

.debug_loc      0x00000000     0x17e5
 *(.debug_loc)
 .debug_loc     0x00000000       0x92 ./system/src/stm32f4-hal/stm32f4xx_hal.o
 .debug_loc     0x00000092      0x580 ./system/src/stm32f4-hal/stm32f4xx_hal_cortex.o
 .debug_loc     0x00000612      0x57a ./system/src/stm32f4-hal/stm32f4xx_hal_rcc.o
 .debug_loc     0x00000b8c       0x82 ./system/src/newlib/_sbrk.o
 .debug_loc     0x00000c0e      0x36e ./system/src/newlib/_startup.o
 .debug_loc     0x00000f7c       0x63 ./system/src/newlib/_syscalls.o
 .debug_loc     0x00000fdf      0x110 ./system/src/newlib/assert.o
 .debug_loc     0x000010ef      0x102 ./system/src/diag/Trace.o
 .debug_loc     0x000011f1      0x17c ./system/src/diag/trace_impl.o
 .debug_loc     0x0000136d      0x2a8 ./system/src/cortexm/exception_handlers.o
 .debug_loc     0x00001615      0x132 ./system/src/cmsis/system_stm32f4xx.o
 .debug_loc     0x00001747       0x5c ./src/FlashProg.o
 .debug_loc     0x000017a3       0x42 ./src/main.o

.debug_macinfo
 *(.debug_macinfo)

.debug_weaknames
 *(.debug_weaknames)

.debug_funcnames
 *(.debug_funcnames)

.debug_typenames
 *(.debug_typenames)

.debug_varnames
 *(.debug_varnames)
OUTPUT(FLASH_DRIVER.elf elf32-littlearm)

.debug_ranges   0x00000000      0x400
 .debug_ranges  0x00000000       0xb0 ./system/src/stm32f4-hal/stm32f4xx_hal.o
 .debug_ranges  0x000000b0       0x88 ./system/src/stm32f4-hal/stm32f4xx_hal_cortex.o
 .debug_ranges  0x00000138       0x78 ./system/src/stm32f4-hal/stm32f4xx_hal_rcc.o
 .debug_ranges  0x000001b0       0x18 ./system/src/newlib/_exit.o
 .debug_ranges  0x000001c8       0x10 ./system/src/newlib/_sbrk.o
 .debug_ranges  0x000001d8       0x30 ./system/src/newlib/_startup.o
 .debug_ranges  0x00000208       0x20 ./system/src/newlib/_syscalls.o
 .debug_ranges  0x00000228       0x18 ./system/src/newlib/assert.o
 .debug_ranges  0x00000240       0x28 ./system/src/diag/Trace.o
 .debug_ranges  0x00000268       0x38 ./system/src/diag/trace_impl.o
 .debug_ranges  0x000002a0       0x18 ./system/src/cortexm/_initialize_hardware.o
 .debug_ranges  0x000002b8       0x98 ./system/src/cortexm/exception_handlers.o
 .debug_ranges  0x00000350       0x18 ./system/src/cmsis/system_stm32f4xx.o
 .debug_ranges  0x00000368       0x10 ./system/src/cmsis/vectors_stm32f401xc.o
 .debug_ranges  0x00000378       0x38 ./src/FlashProg.o
 .debug_ranges  0x000003b0       0x18 ./src/_initialize_hardware.o
 .debug_ranges  0x000003c8       0x10 ./src/main.o
 .debug_ranges  0x000003d8       0x28 ./src/stm32f4xx_hal_msp.o

.debug_macro    0x00000000    0x14bb2
 .debug_macro   0x00000000      0x51a ./system/src/stm32f4-hal/stm32f4xx_hal.o
 .debug_macro   0x0000051a      0x898 ./system/src/stm32f4-hal/stm32f4xx_hal.o
 .debug_macro   0x00000db2      0x289 ./system/src/stm32f4-hal/stm32f4xx_hal.o
 .debug_macro   0x0000103b       0x31 ./system/src/stm32f4-hal/stm32f4xx_hal.o
 .debug_macro   0x0000106c       0x28 ./system/src/stm32f4-hal/stm32f4xx_hal.o
 .debug_macro   0x00001094      0x34e ./system/src/stm32f4-hal/stm32f4xx_hal.o
 .debug_macro   0x000013e2       0x35 ./system/src/stm32f4-hal/stm32f4xx_hal.o
 .debug_macro   0x00001417       0x50 ./system/src/stm32f4-hal/stm32f4xx_hal.o
 .debug_macro   0x00001467      0xe66 ./system/src/stm32f4-hal/stm32f4xx_hal.o
 .debug_macro   0x000022cd     0x5099 ./system/src/stm32f4-hal/stm32f4xx_hal.o
 .debug_macro   0x00007366       0x43 ./system/src/stm32f4-hal/stm32f4xx_hal.o
 .debug_macro   0x000073a9     0x347f ./system/src/stm32f4-hal/stm32f4xx_hal.o
 .debug_macro   0x0000a828       0x22 ./system/src/stm32f4-hal/stm32f4xx_hal.o
 .debug_macro   0x0000a84a       0x4c ./system/src/stm32f4-hal/stm32f4xx_hal.o
 .debug_macro   0x0000a896       0x8d ./system/src/stm32f4-hal/stm32f4xx_hal.o
 .debug_macro   0x0000a923       0x35 ./system/src/stm32f4-hal/stm32f4xx_hal.o
 .debug_macro   0x0000a958       0x9c ./system/src/stm32f4-hal/stm32f4xx_hal.o
 .debug_macro   0x0000a9f4       0x16 ./system/src/stm32f4-hal/stm32f4xx_hal.o
 .debug_macro   0x0000aa0a       0x4a ./system/src/stm32f4-hal/stm32f4xx_hal.o
 .debug_macro   0x0000aa54       0x97 ./system/src/stm32f4-hal/stm32f4xx_hal.o
 .debug_macro   0x0000aaeb      0x30d ./system/src/stm32f4-hal/stm32f4xx_hal.o
 .debug_macro   0x0000adf8       0xfd ./system/src/stm32f4-hal/stm32f4xx_hal.o
 .debug_macro   0x0000aef5       0x10 ./system/src/stm32f4-hal/stm32f4xx_hal.o
 .debug_macro   0x0000af05       0x52 ./system/src/stm32f4-hal/stm32f4xx_hal.o
 .debug_macro   0x0000af57       0x1f ./system/src/stm32f4-hal/stm32f4xx_hal.o
 .debug_macro   0x0000af76       0x43 ./system/src/stm32f4-hal/stm32f4xx_hal.o
 .debug_macro   0x0000afb9       0x20 ./system/src/stm32f4-hal/stm32f4xx_hal.o
 .debug_macro   0x0000afd9      0x187 ./system/src/stm32f4-hal/stm32f4xx_hal.o
 .debug_macro   0x0000b160       0x10 ./system/src/stm32f4-hal/stm32f4xx_hal.o
 .debug_macro   0x0000b170       0x5e ./system/src/stm32f4-hal/stm32f4xx_hal.o
 .debug_macro   0x0000b1ce       0x1c ./system/src/stm32f4-hal/stm32f4xx_hal.o
 .debug_macro   0x0000b1ea       0x52 ./system/src/stm32f4-hal/stm32f4xx_hal.o
 .debug_macro   0x0000b23c       0x40 ./system/src/stm32f4-hal/stm32f4xx_hal.o
 .debug_macro   0x0000b27c       0x10 ./system/src/stm32f4-hal/stm32f4xx_hal.o
 .debug_macro   0x0000b28c       0x40 ./system/src/stm32f4-hal/stm32f4xx_hal.o
 .debug_macro   0x0000b2cc       0xd7 ./system/src/stm32f4-hal/stm32f4xx_hal.o
 .debug_macro   0x0000b3a3       0x16 ./system/src/stm32f4-hal/stm32f4xx_hal.o
 .debug_macro   0x0000b3b9      0x18b ./system/src/stm32f4-hal/stm32f4xx_hal.o
 .debug_macro   0x0000b544       0x57 ./system/src/stm32f4-hal/stm32f4xx_hal.o
 .debug_macro   0x0000b59b      0x424 ./system/src/stm32f4-hal/stm32f4xx_hal.o
 .debug_macro   0x0000b9bf      0x9e1 ./system/src/stm32f4-hal/stm32f4xx_hal.o
 .debug_macro   0x0000c3a0      0x11e ./system/src/stm32f4-hal/stm32f4xx_hal.o
 .debug_macro   0x0000c4be       0xf8 ./system/src/stm32f4-hal/stm32f4xx_hal.o
 .debug_macro   0x0000c5b6       0x27 ./system/src/stm32f4-hal/stm32f4xx_hal.o
 .debug_macro   0x0000c5dd      0x287 ./system/src/stm32f4-hal/stm32f4xx_hal.o
 .debug_macro   0x0000c864       0x5f ./system/src/stm32f4-hal/stm32f4xx_hal.o
 .debug_macro   0x0000c8c3      0x23a ./system/src/stm32f4-hal/stm32f4xx_hal.o
 .debug_macro   0x0000cafd      0x391 ./system/src/stm32f4-hal/stm32f4xx_hal.o
 .debug_macro   0x0000ce8e      0x16f ./system/src/stm32f4-hal/stm32f4xx_hal.o
 .debug_macro   0x0000cffd       0xf9 ./system/src/stm32f4-hal/stm32f4xx_hal.o
 .debug_macro   0x0000d0f6       0x23 ./system/src/stm32f4-hal/stm32f4xx_hal.o
 .debug_macro   0x0000d119      0x13a ./system/src/stm32f4-hal/stm32f4xx_hal.o
 .debug_macro   0x0000d253      0x23a ./system/src/stm32f4-hal/stm32f4xx_hal.o
 .debug_macro   0x0000d48d       0x2e ./system/src/stm32f4-hal/stm32f4xx_hal.o
 .debug_macro   0x0000d4bb      0x1a7 ./system/src/stm32f4-hal/stm32f4xx_hal.o
 .debug_macro   0x0000d662       0x22 ./system/src/stm32f4-hal/stm32f4xx_hal.o
 .debug_macro   0x0000d684       0xa5 ./system/src/stm32f4-hal/stm32f4xx_hal.o
 .debug_macro   0x0000d729      0x18b ./system/src/stm32f4-hal/stm32f4xx_hal.o
 .debug_macro   0x0000d8b4       0x24 ./system/src/stm32f4-hal/stm32f4xx_hal.o
 .debug_macro   0x0000d8d8       0x35 ./system/src/stm32f4-hal/stm32f4xx_hal.o
 .debug_macro   0x0000d90d       0x79 ./system/src/stm32f4-hal/stm32f4xx_hal.o
 .debug_macro   0x0000d986      0x11e ./system/src/stm32f4-hal/stm32f4xx_hal.o
 .debug_macro   0x0000daa4       0x85 ./system/src/stm32f4-hal/stm32f4xx_hal.o
 .debug_macro   0x0000db29       0x89 ./system/src/stm32f4-hal/stm32f4xx_hal.o
 .debug_macro   0x0000dbb2      0x31a ./system/src/stm32f4-hal/stm32f4xx_hal.o
 .debug_macro   0x0000decc      0x409 ./system/src/stm32f4-hal/stm32f4xx_hal.o
 .debug_macro   0x0000e2d5       0xe4 ./system/src/stm32f4-hal/stm32f4xx_hal.o
 .debug_macro   0x0000e3b9      0x48d ./system/src/stm32f4-hal/stm32f4xx_hal.o
 .debug_macro   0x0000e846      0x22b ./system/src/stm32f4-hal/stm32f4xx_hal.o
 .debug_macro   0x0000ea71      0x202 ./system/src/stm32f4-hal/stm32f4xx_hal.o
 .debug_macro   0x0000ec73      0x6d9 ./system/src/stm32f4-hal/stm32f4xx_hal.o
 .debug_macro   0x0000f34c       0x5b ./system/src/stm32f4-hal/stm32f4xx_hal.o
 .debug_macro   0x0000f3a7      0x14d ./system/src/stm32f4-hal/stm32f4xx_hal.o
 .debug_macro   0x0000f4f4      0x287 ./system/src/stm32f4-hal/stm32f4xx_hal.o
 .debug_macro   0x0000f77b      0x225 ./system/src/stm32f4-hal/stm32f4xx_hal.o
 .debug_macro   0x0000f9a0      0x1b5 ./system/src/stm32f4-hal/stm32f4xx_hal.o
 .debug_macro   0x0000fb55      0x2db ./system/src/stm32f4-hal/stm32f4xx_hal.o
 .debug_macro   0x0000fe30       0x89 ./system/src/stm32f4-hal/stm32f4xx_hal.o
 .debug_macro   0x0000feb9      0x1df ./system/src/stm32f4-hal/stm32f4xx_hal.o
 .debug_macro   0x00010098      0x115 ./system/src/stm32f4-hal/stm32f4xx_hal.o
 .debug_macro   0x000101ad       0x6e ./system/src/stm32f4-hal/stm32f4xx_hal.o
 .debug_macro   0x0001021b      0x11e ./system/src/stm32f4-hal/stm32f4xx_hal.o
 .debug_macro   0x00010339      0x4cc ./system/src/stm32f4-hal/stm32f4xx_hal_cortex.o
 .debug_macro   0x00010805      0x4f6 ./system/src/stm32f4-hal/stm32f4xx_hal_rcc.o
 .debug_macro   0x00010cfb      0x19c ./system/src/newlib/_exit.o
 .debug_macro   0x00010e97      0x10e ./system/src/newlib/_exit.o
 .debug_macro   0x00010fa5       0x8d ./system/src/newlib/_exit.o
 .debug_macro   0x00011032       0x35 ./system/src/newlib/_exit.o
 .debug_macro   0x00011067      0x151 ./system/src/newlib/_sbrk.o
 .debug_macro   0x000111b8      0x174 ./system/src/newlib/_sbrk.o
 .debug_macro   0x0001132c       0x10 ./system/src/newlib/_sbrk.o
 .debug_macro   0x0001133c      0x23b ./system/src/newlib/_sbrk.o
 .debug_macro   0x00011577      0x15b ./system/src/newlib/_startup.o
 .debug_macro   0x000116d2      0x89e ./system/src/newlib/_startup.o
 .debug_macro   0x00011f70      0x1ff ./system/src/newlib/_syscalls.o
 .debug_macro   0x0001216f       0x1c ./system/src/newlib/_syscalls.o
 .debug_macro   0x0001218b       0x10 ./system/src/newlib/_syscalls.o
 .debug_macro   0x0001219b       0x10 ./system/src/newlib/_syscalls.o
 .debug_macro   0x000121ab       0x10 ./system/src/newlib/_syscalls.o
 .debug_macro   0x000121bb       0x35 ./system/src/newlib/_syscalls.o
 .debug_macro   0x000121f0      0x122 ./system/src/newlib/_syscalls.o
 .debug_macro   0x00012312       0x88 ./system/src/newlib/_syscalls.o
 .debug_macro   0x0001239a       0x2b ./system/src/newlib/_syscalls.o
 .debug_macro   0x000123c5      0x118 ./system/src/newlib/_syscalls.o
 .debug_macro   0x000124dd      0x159 ./system/src/newlib/_syscalls.o
 .debug_macro   0x00012636       0x16 ./system/src/newlib/_syscalls.o
 .debug_macro   0x0001264c      0x1b8 ./system/src/newlib/assert.o
 .debug_macro   0x00012804       0x1c ./system/src/newlib/assert.o
 .debug_macro   0x00012820      0x1d9 ./system/src/diag/Trace.o
 .debug_macro   0x000129f9       0x4c ./system/src/diag/Trace.o
 .debug_macro   0x00012a45       0x16 ./system/src/diag/Trace.o
 .debug_macro   0x00012a5b      0x512 ./system/src/diag/trace_impl.o
 .debug_macro   0x00012f6d       0x22 ./system/src/diag/trace_impl.o
 .debug_macro   0x00012f8f      0x4d6 ./system/src/cortexm/_initialize_hardware.o
 .debug_macro   0x00013465      0x535 ./system/src/cortexm/exception_handlers.o
 .debug_macro   0x0001399a       0x3b ./system/src/cortexm/exception_handlers.o
 .debug_macro   0x000139d5      0x4d2 ./system/src/cmsis/system_stm32f4xx.o
 .debug_macro   0x00013ea7       0x34 ./system/src/cmsis/vectors_stm32f401xc.o
 .debug_macro   0x00013edb       0x33 ./src/FlashProg.o
 .debug_macro   0x00013f0e       0x9a ./src/FlashProg.o
 .debug_macro   0x00013fa8       0x82 ./src/FlashProg.o
 .debug_macro   0x0001402a      0x4cc ./src/_initialize_hardware.o
 .debug_macro   0x000144f6      0x1f0 ./src/main.o
 .debug_macro   0x000146e6      0x4cc ./src/stm32f4xx_hal_msp.o
