Archive member included to satisfy reference by file (symbol)

d:/iti_9_month_scholarship/embedded/tourkey/arm_stm32f401/tools/arm gcc/bin/../lib/gcc/arm-none-eabi/5.4.1/armv7e-m\libgcc.a(_aeabi_uldivmod.o)
                              ./src/Uart.o (__aeabi_uldivmod)
d:/iti_9_month_scholarship/embedded/tourkey/arm_stm32f401/tools/arm gcc/bin/../lib/gcc/arm-none-eabi/5.4.1/armv7e-m\libgcc.a(_udivmoddi4.o)
                              d:/iti_9_month_scholarship/embedded/tourkey/arm_stm32f401/tools/arm gcc/bin/../lib/gcc/arm-none-eabi/5.4.1/armv7e-m\libgcc.a(_aeabi_uldivmod.o) (__udivmoddi4)
d:/iti_9_month_scholarship/embedded/tourkey/arm_stm32f401/tools/arm gcc/bin/../lib/gcc/arm-none-eabi/5.4.1/armv7e-m\libgcc.a(_dvmd_tls.o)
                              d:/iti_9_month_scholarship/embedded/tourkey/arm_stm32f401/tools/arm gcc/bin/../lib/gcc/arm-none-eabi/5.4.1/armv7e-m\libgcc.a(_aeabi_uldivmod.o) (__aeabi_ldiv0)
d:/iti_9_month_scholarship/embedded/tourkey/arm_stm32f401/tools/arm gcc/bin/../lib/gcc/arm-none-eabi/5.4.1/../../../../arm-none-eabi/lib/armv7e-m\libg_nano.a(lib_a-errno.o)
                              ./system/src/newlib/_sbrk.o (__errno)
d:/iti_9_month_scholarship/embedded/tourkey/arm_stm32f401/tools/arm gcc/bin/../lib/gcc/arm-none-eabi/5.4.1/../../../../arm-none-eabi/lib/armv7e-m\libg_nano.a(lib_a-impure.o)
                              d:/iti_9_month_scholarship/embedded/tourkey/arm_stm32f401/tools/arm gcc/bin/../lib/gcc/arm-none-eabi/5.4.1/../../../../arm-none-eabi/lib/armv7e-m\libg_nano.a(lib_a-errno.o) (_impure_ptr)
d:/iti_9_month_scholarship/embedded/tourkey/arm_stm32f401/tools/arm gcc/bin/../lib/gcc/arm-none-eabi/5.4.1/../../../../arm-none-eabi/lib/armv7e-m\libg_nano.a(lib_a-strlen.o)
                              ./system/src/diag/Trace.o (strlen)
d:/iti_9_month_scholarship/embedded/tourkey/arm_stm32f401/tools/arm gcc/bin/../lib/gcc/arm-none-eabi/5.4.1/../../../../arm-none-eabi/lib/armv7e-m\libg_nano.a(lib_a-vsnprintf.o)
                              ./system/src/diag/Trace.o (vsnprintf)
d:/iti_9_month_scholarship/embedded/tourkey/arm_stm32f401/tools/arm gcc/bin/../lib/gcc/arm-none-eabi/5.4.1/../../../../arm-none-eabi/lib/armv7e-m\libg_nano.a(lib_a-nano-svfprintf.o)
                              d:/iti_9_month_scholarship/embedded/tourkey/arm_stm32f401/tools/arm gcc/bin/../lib/gcc/arm-none-eabi/5.4.1/../../../../arm-none-eabi/lib/armv7e-m\libg_nano.a(lib_a-vsnprintf.o) (_svfprintf_r)
d:/iti_9_month_scholarship/embedded/tourkey/arm_stm32f401/tools/arm gcc/bin/../lib/gcc/arm-none-eabi/5.4.1/../../../../arm-none-eabi/lib/armv7e-m\libg_nano.a(lib_a-nano-vfprintf_i.o)
                              d:/iti_9_month_scholarship/embedded/tourkey/arm_stm32f401/tools/arm gcc/bin/../lib/gcc/arm-none-eabi/5.4.1/../../../../arm-none-eabi/lib/armv7e-m\libg_nano.a(lib_a-nano-svfprintf.o) (_printf_i)
d:/iti_9_month_scholarship/embedded/tourkey/arm_stm32f401/tools/arm gcc/bin/../lib/gcc/arm-none-eabi/5.4.1/../../../../arm-none-eabi/lib/armv7e-m\libg_nano.a(lib_a-memchr.o)
                              d:/iti_9_month_scholarship/embedded/tourkey/arm_stm32f401/tools/arm gcc/bin/../lib/gcc/arm-none-eabi/5.4.1/../../../../arm-none-eabi/lib/armv7e-m\libg_nano.a(lib_a-nano-svfprintf.o) (memchr)
d:/iti_9_month_scholarship/embedded/tourkey/arm_stm32f401/tools/arm gcc/bin/../lib/gcc/arm-none-eabi/5.4.1/../../../../arm-none-eabi/lib/armv7e-m\libg_nano.a(lib_a-memcpy-stub.o)
                              d:/iti_9_month_scholarship/embedded/tourkey/arm_stm32f401/tools/arm gcc/bin/../lib/gcc/arm-none-eabi/5.4.1/../../../../arm-none-eabi/lib/armv7e-m\libg_nano.a(lib_a-nano-svfprintf.o) (memcpy)
d:/iti_9_month_scholarship/embedded/tourkey/arm_stm32f401/tools/arm gcc/bin/../lib/gcc/arm-none-eabi/5.4.1/../../../../arm-none-eabi/lib/armv7e-m\libg_nano.a(lib_a-memmove.o)
                              d:/iti_9_month_scholarship/embedded/tourkey/arm_stm32f401/tools/arm gcc/bin/../lib/gcc/arm-none-eabi/5.4.1/../../../../arm-none-eabi/lib/armv7e-m\libg_nano.a(lib_a-nano-svfprintf.o) (memmove)
d:/iti_9_month_scholarship/embedded/tourkey/arm_stm32f401/tools/arm gcc/bin/../lib/gcc/arm-none-eabi/5.4.1/../../../../arm-none-eabi/lib/armv7e-m\libg_nano.a(lib_a-nano-freer.o)
                              d:/iti_9_month_scholarship/embedded/tourkey/arm_stm32f401/tools/arm gcc/bin/../lib/gcc/arm-none-eabi/5.4.1/../../../../arm-none-eabi/lib/armv7e-m\libg_nano.a(lib_a-nano-svfprintf.o) (_free_r)
d:/iti_9_month_scholarship/embedded/tourkey/arm_stm32f401/tools/arm gcc/bin/../lib/gcc/arm-none-eabi/5.4.1/../../../../arm-none-eabi/lib/armv7e-m\libg_nano.a(lib_a-nano-mallocr.o)
                              d:/iti_9_month_scholarship/embedded/tourkey/arm_stm32f401/tools/arm gcc/bin/../lib/gcc/arm-none-eabi/5.4.1/../../../../arm-none-eabi/lib/armv7e-m\libg_nano.a(lib_a-nano-svfprintf.o) (_malloc_r)
[...]
Memory Configuration

Name             Origin             Length             Attributes
RAM              0x20000000         0x00010000         xrw
CCMRAM           0x10000000         0x00000000         xrw
FLASH            0x08000000         0x00004000         xr
APPINFO          0x08004000         0x00004000         xr
MARKER           0x08004000         0x00004000         xr
FLASHB1          0x00000000         0x00000000         xr
EXTMEMB0         0x00000000         0x00000000         xr
EXTMEMB1         0x00000000         0x00000000         xr
EXTMEMB2         0x00000000         0x00000000         xr
EXTMEMB3         0x00000000         0x00000000         xr
*default*        0x00000000         0xffffffff

Linker script and memory map

LOAD ./system/src/stm32f4-hal/stm32f4xx_hal.o
LOAD ./system/src/stm32f4-hal/stm32f4xx_hal_cortex.o
LOAD ./system/src/stm32f4-hal/stm32f4xx_hal_dfsdm.o
LOAD ./system/src/stm32f4-hal/stm32f4xx_hal_flash.o
LOAD ./system/src/stm32f4-hal/stm32f4xx_hal_flash_ex.o
LOAD ./system/src/stm32f4-hal/stm32f4xx_hal_flash_ramfunc.o
LOAD ./system/src/stm32f4-hal/stm32f4xx_hal_gpio.o
LOAD ./system/src/stm32f4-hal/stm32f4xx_hal_iwdg.o
LOAD ./system/src/stm32f4-hal/stm32f4xx_hal_pwr.o
LOAD ./system/src/stm32f4-hal/stm32f4xx_hal_rcc.o
LOAD ./system/src/newlib/_cxx.o
LOAD ./system/src/newlib/_exit.o
LOAD ./system/src/newlib/_sbrk.o
LOAD ./system/src/newlib/_startup.o
LOAD ./system/src/newlib/_syscalls.o
LOAD ./system/src/newlib/assert.o
LOAD ./system/src/diag/Trace.o
LOAD ./system/src/diag/trace_impl.o
LOAD ./system/src/cortexm/_initialize_hardware.o
LOAD ./system/src/cortexm/_reset_hardware.o
LOAD ./system/src/cortexm/exception_handlers.o
LOAD ./system/src/cmsis/system_stm32f4xx.o
LOAD ./system/src/cmsis/vectors_stm32f401xc.o
LOAD ./src/BL.o
LOAD ./src/Dma.o
LOAD ./src/Gpio.o
LOAD ./src/NVIC.o
LOAD ./src/Rcc.o
LOAD ./src/Uart.o
LOAD ./src/UsartHal.o
LOAD ./src/UsartHal_cfg.o
LOAD ./src/main.o
LOAD d:/iti_9_month_scholarship/embedded/tourkey/arm_stm32f401/tools/arm gcc/bin/../lib/gcc/arm-none-eabi/5.4.1/../../../../arm-none-eabi/lib/armv7e-m\libstdc++_nano.a
LOAD d:/iti_9_month_scholarship/embedded/tourkey/arm_stm32f401/tools/arm gcc/bin/../lib/gcc/arm-none-eabi/5.4.1/../../../../arm-none-eabi/lib/armv7e-m\libm.a
START GROUP
LOAD d:/iti_9_month_scholarship/embedded/tourkey/arm_stm32f401/tools/arm gcc/bin/../lib/gcc/arm-none-eabi/5.4.1/armv7e-m\libgcc.a
LOAD d:/iti_9_month_scholarship/embedded/tourkey/arm_stm32f401/tools/arm gcc/bin/../lib/gcc/arm-none-eabi/5.4.1/../../../../arm-none-eabi/lib/armv7e-m\libg_nano.a
LOAD d:/iti_9_month_scholarship/embedded/tourkey/arm_stm32f401/tools/arm gcc/bin/../lib/gcc/arm-none-eabi/5.4.1/../../../../arm-none-eabi/lib/armv7e-m\libc_nano.a
END GROUP
START GROUP
LOAD d:/iti_9_month_scholarship/embedded/tourkey/arm_stm32f401/tools/arm gcc/bin/../lib/gcc/arm-none-eabi/5.4.1/armv7e-m\libgcc.a
LOAD d:/iti_9_month_scholarship/embedded/tourkey/arm_stm32f401/tools/arm gcc/bin/../lib/gcc/arm-none-eabi/5.4.1/../../../../arm-none-eabi/lib/armv7e-m\libc_nano.a
END GROUP
                0x20010000                __stack = (ORIGIN (RAM) + LENGTH (RAM))
                0x20010000                _estack = __stack
                0x00000400                __Main_Stack_Size = 0x400
                [!provide]                PROVIDE (_Main_Stack_Size, __Main_Stack_Size)
                0x2000fc00                __Main_Stack_Limit = (__stack - __Main_Stack_Size)
                [!provide]                PROVIDE (_Main_Stack_Limit, __Main_Stack_Limit)
                0x00000100                _Minimum_Stack_Size = 0x100
                0x20000200                PROVIDE (_Heap_Begin, _end_noinit)
                0x2000fc00                PROVIDE (_Heap_Limit, (__stack - __Main_Stack_Size))

.isr_vector     0x08000000      0x3f8
 FILL mask 0xff
                0x08000000                __vectors_start = ABSOLUTE (.)
                0x08000000                __vectors_start__ = ABSOLUTE (.)
 *(.isr_vector)
 .isr_vector    0x08000000      0x194 ./system/src/cmsis/vectors_stm32f401xc.o
                0x08000000                __isr_vectors
 *(.cfmconfig)
 *(.after_vectors .after_vectors.*)
 .after_vectors
                0x08000194      0x130 ./system/src/newlib/_startup.o
                0x08000194                _start
 .after_vectors
                0x080002c4      0x130 ./system/src/cortexm/exception_handlers.o
                0x080002c4                Reset_Handler
                0x080002cc                NMI_Handler
                0x080002d0                HardFault_Handler
                0x080002e4                HardFault_Handler_C
                0x08000344                MemManage_Handler
                0x08000348                BusFault_Handler
                0x0800035c                BusFault_Handler_C
                0x08000390                UsageFault_Handler
                0x080003a4                UsageFault_Handler_C
                0x080003d8                SVC_Handler
                0x080003dc                DebugMon_Handler
                0x080003e0                PendSV_Handler
                0x080003e4                SysTick_Handler
 .after_vectors
                0x080003f4        0x4 ./system/src/cmsis/vectors_stm32f401xc.o
                0x080003f4                RTC_Alarm_IRQHandler
                0x080003f4                EXTI2_IRQHandler
                0x080003f4                SPI4_IRQHandler
                0x080003f4                TIM1_CC_IRQHandler
                0x080003f4                PVD_IRQHandler
                0x080003f4                SDIO_IRQHandler
                0x080003f4                TAMP_STAMP_IRQHandler
                0x080003f4                EXTI3_IRQHandler
                0x080003f4                TIM1_UP_TIM10_IRQHandler
                0x080003f4                I2C3_ER_IRQHandler
                0x080003f4                EXTI0_IRQHandler
                0x080003f4                I2C2_EV_IRQHandler
                0x080003f4                FPU_IRQHandler
                0x080003f4                SPI1_IRQHandler
                0x080003f4                TIM1_BRK_TIM9_IRQHandler
                0x080003f4                TIM4_IRQHandler
                0x080003f4                I2C1_EV_IRQHandler
                0x080003f4                TIM3_IRQHandler
                0x080003f4                RCC_IRQHandler
                0x080003f4                Default_Handler
                0x080003f4                EXTI15_10_IRQHandler
                0x080003f4                ADC_IRQHandler
                0x080003f4                TIM5_IRQHandler
                0x080003f4                I2C3_EV_IRQHandler
                0x080003f4                EXTI9_5_IRQHandler
                0x080003f4                RTC_WKUP_IRQHandler
                0x080003f4                SPI2_IRQHandler
                0x080003f4                EXTI4_IRQHandler
                0x080003f4                WWDG_IRQHandler
                0x080003f4                TIM2_IRQHandler
                0x080003f4                OTG_FS_WKUP_IRQHandler
                0x080003f4                TIM1_TRG_COM_TIM11_IRQHandler
                0x080003f4                EXTI1_IRQHandler
                0x080003f4                I2C2_ER_IRQHandler
                0x080003f4                FLASH_IRQHandler
                0x080003f4                OTG_FS_IRQHandler
                0x080003f4                SPI3_IRQHandler
                0x080003f4                I2C1_ER_IRQHandler

.inits          0x080003f8       0x28
                0x080003f8                __data_regions_array_start = .
                0x080003f8        0x4 LONG 0x8001fa8 LOADADDR (.data)
                0x080003fc        0x4 LONG 0x20000000 ADDR (.data)
                0x08000400        0x4 LONG 0x20000078 (ADDR (.data) + SIZEOF (.data))
                0x08000404        0x4 LONG 0x8001fa8 LOADADDR (.data_CCMRAM)
                0x08000408        0x4 LONG 0x10000000 ADDR (.data_CCMRAM)
                0x0800040c        0x4 LONG 0x10000000 (ADDR (.data_CCMRAM) + SIZEOF (.data_CCMRAM))
                0x08000410                __data_regions_array_end = .
                0x08000410                __bss_regions_array_start = .
                0x08000410        0x4 LONG 0x20000078 ADDR (.bss)
                0x08000414        0x4 LONG 0x20000200 (ADDR (.bss) + SIZEOF (.bss))
                0x08000418        0x4 LONG 0x10000000 ADDR (.bss_CCMRAM)
                0x0800041c        0x4 LONG 0x10000000 (ADDR (.bss_CCMRAM) + SIZEOF (.bss_CCMRAM))
                0x08000420                __bss_regions_array_end = .
 *(.init)
 *(.fini)
                0x08000420                . = ALIGN (0x4)
                0x08000420                PROVIDE (__preinit_array_start, .)
 *(.preinit_array_sysinit .preinit_array_sysinit.*)
 *(.preinit_array_platform .preinit_array_platform.*)
 *(.preinit_array .preinit_array.*)
                0x08000420                PROVIDE (__preinit_array_end, .)
                0x08000420                . = ALIGN (0x4)
                0x08000420                PROVIDE (__init_array_start, .)
 *(SORT(.init_array.*))
 *(.init_array)
                0x08000420                PROVIDE (__init_array_end, .)
                0x08000420                . = ALIGN (0x4)
                0x08000420                PROVIDE (__fini_array_start, .)
 *(SORT(.fini_array.*))
 *(.fini_array)
                0x08000420                PROVIDE (__fini_array_end, .)

.flashtext
 *(.flashtext .flashtext.*)

.text           0x08000420     0x1b7f
 *(.text .text.*)
 .text._exit    0x08000420        0x4 ./system/src/newlib/_exit.o
                0x08000420                _exit
 .text._sbrk    0x08000424       0x44 ./system/src/newlib/_sbrk.o
                0x08000424                _sbrk
 .text.__initialize_args
                0x08000468       0x10 ./system/src/newlib/_syscalls.o
                0x08000468                __initialize_args
 .text.trace_printf
                0x08000478       0x30 ./system/src/diag/Trace.o
                0x08000478                trace_printf
 .text._trace_write_semihosting_debug
                0x080004a8       0x64 ./system/src/diag/trace_impl.o
 .text.trace_write
                0x0800050c        0x8 ./system/src/diag/trace_impl.o
                0x0800050c                trace_write
 .text.__initialize_hardware_early
                0x08000514       0x18 ./system/src/cortexm/_initialize_hardware.o
                0x08000514                __initialize_hardware_early
 .text.__initialize_hardware
                0x0800052c        0x8 ./system/src/cortexm/_initialize_hardware.o
                0x0800052c                __initialize_hardware
 .text.dumpExceptionStack
                0x08000534       0xf0 ./system/src/cortexm/exception_handlers.o
                0x08000534                dumpExceptionStack
 .text.isSemihosting
                0x08000624       0x20 ./system/src/cortexm/exception_handlers.o
                0x08000624                isSemihosting
 .text.SystemInit
                0x08000644       0x40 ./system/src/cmsis/system_stm32f4xx.o
                0x08000644                SystemInit
 .text.SystemCoreClockUpdate
                0x08000684       0xa0 ./system/src/cmsis/system_stm32f4xx.o
                0x08000684                SystemCoreClockUpdate
 .text.Dma_enuRegHalCbf
                0x08000724       0xdc ./src/Dma.o
                0x08000724                Dma_enuRegHalCbf
 .text.DMA1_Stream0_IRQHandler
                0x08000800       0x10 ./src/Dma.o
                0x08000800                DMA1_Stream0_IRQHandler
 .text.DMA1_Stream1_IRQHandler
                0x08000810       0x10 ./src/Dma.o
                0x08000810                DMA1_Stream1_IRQHandler
 .text.DMA1_Stream2_IRQHandler
                0x08000820       0x10 ./src/Dma.o
                0x08000820                DMA1_Stream2_IRQHandler
 .text.DMA1_Stream3_IRQHandler
                0x08000830       0x10 ./src/Dma.o
                0x08000830                DMA1_Stream3_IRQHandler
 .text.DMA1_Stream4_IRQHandler
                0x08000840       0x10 ./src/Dma.o
                0x08000840                DMA1_Stream4_IRQHandler
 .text.DMA1_Stream5_IRQHandler
                0x08000850       0x10 ./src/Dma.o
                0x08000850                DMA1_Stream5_IRQHandler
 .text.DMA1_Stream6_IRQHandler
                0x08000860       0x10 ./src/Dma.o
                0x08000860                DMA1_Stream6_IRQHandler
 .text.DMA1_Stream7_IRQHandler
                0x08000870       0x10 ./src/Dma.o
                0x08000870                DMA1_Stream7_IRQHandler
 .text.DMA2_Stream0_IRQHandler
                0x08000880       0x10 ./src/Dma.o
                0x08000880                DMA2_Stream0_IRQHandler
 .text.DMA2_Stream1_IRQHandler
                0x08000890       0x10 ./src/Dma.o
                0x08000890                DMA2_Stream1_IRQHandler
 .text.DMA2_Stream2_IRQHandler
                0x080008a0       0x10 ./src/Dma.o
                0x080008a0                DMA2_Stream2_IRQHandler
 .text.DMA2_Stream3_IRQHandler
                0x080008b0       0x10 ./src/Dma.o
                0x080008b0                DMA2_Stream3_IRQHandler
 .text.DMA2_Stream4_IRQHandler
                0x080008c0       0x10 ./src/Dma.o
                0x080008c0                DMA2_Stream4_IRQHandler
 .text.DMA2_Stream5_IRQHandler
                0x080008d0       0x10 ./src/Dma.o
                0x080008d0                DMA2_Stream5_IRQHandler
 .text.DMA2_Stream6_IRQHandler
                0x080008e0       0x10 ./src/Dma.o
                0x080008e0                DMA2_Stream6_IRQHandler
 .text.DMA2_Stream7_IRQHandler
                0x080008f0       0x10 ./src/Dma.o
                0x080008f0                DMA2_Stream7_IRQHandler
 .text.Gpio_enuInit
                0x08000900      0x130 ./src/Gpio.o
                0x08000900                Gpio_enuInit
 .text.NVIC_enuEnableIRQ
                0x08000a30       0x24 ./src/NVIC.o
                0x08000a30                NVIC_enuEnableIRQ
 .text.Rcc_enuEnablePeripheralClk
                0x08000a54       0x58 ./src/Rcc.o
                0x08000a54                Rcc_enuEnablePeripheralClk
 .text.Uart_enuInit
                0x08000aac      0x110 ./src/Uart.o
                0x08000aac                Uart_enuInit
 .text.Usart_enuRecieveDataSync
                0x08000bbc       0x18 ./src/Uart.o
                0x08000bbc                Usart_enuRecieveDataSync
 .text.Usart_enuSendDataAsync
                0x08000bd4       0x24 ./src/Uart.o
                0x08000bd4                Usart_enuSendDataAsync
 .text.Usart_enuRecieveDataAsync
                0x08000bf8       0x1c ./src/Uart.o
                0x08000bf8                Usart_enuRecieveDataAsync
 .text.Usart_u8ReadTcFlag
                0x08000c14        0x8 ./src/Uart.o
                0x08000c14                Usart_u8ReadTcFlag
 .text.Usart_u8ReadRxFlag
                0x08000c1c        0x8 ./src/Uart.o
                0x08000c1c                Usart_u8ReadRxFlag
 .text.Uart_ClearTcFlag
                0x08000c24       0x18 ./src/Uart.o
                0x08000c24                Uart_ClearTcFlag
 .text.Uart_ClearRxFlag
                0x08000c3c       0x18 ./src/Uart.o
                0x08000c3c                Uart_ClearRxFlag
 .text.Usart_enuTcInterruptCtrl
                0x08000c54       0x28 ./src/Uart.o
                0x08000c54                Usart_enuTcInterruptCtrl
 .text.Usart_enuRxInterruptCtrl
                0x08000c7c       0x28 ./src/Uart.o
                0x08000c7c                Usart_enuRxInterruptCtrl
 .text.Uart_enuRegisterHalCbf
                0x08000ca4       0x10 ./src/Uart.o
                0x08000ca4                Uart_enuRegisterHalCbf
 .text.USART1_IRQHandler
                0x08000cb4       0x10 ./src/Uart.o
                0x08000cb4                USART1_IRQHandler
 .text.USART2_IRQHandler
                0x08000cc4       0x10 ./src/Uart.o
                0x08000cc4                USART2_IRQHandler
 .text.USART6_IRQHandler
                0x08000cd4       0x10 ./src/Uart.o
                0x08000cd4                USART6_IRQHandler
 .text.Dma1_vidStream5HandlerCbf
                0x08000ce4        0x4 ./src/UsartHal.o
 .text.Dma2_vidStream2HandlerCbf
                0x08000ce8        0x4 ./src/UsartHal.o
 .text.Dma2_vidStream5HandlerCbf
                0x08000cec        0x4 ./src/UsartHal.o
 .text.Usart1_vidHandlerCbf
                0x08000cf0       0xb4 ./src/UsartHal.o
 .text.Usart6_vidHandlerCbf
                0x08000da4       0xbc ./src/UsartHal.o
 .text.Usart2_vidHandlerCbf
                0x08000e60       0xb8 ./src/UsartHal.o
 .text.Usart_vidHalInit
                0x08000f18      0x1f4 ./src/UsartHal.o
                0x08000f18                Usart_vidHalInit
 .text.Usart_enuRecieveBufferSync
                0x0800110c       0x54 ./src/UsartHal.o
                0x0800110c                Usart_enuRecieveBufferSync
 .text.Usart_enuRegRxCompNotifyCbf
                0x08001160       0x10 ./src/UsartHal.o
                0x08001160                Usart_enuRegRxCompNotifyCbf
 .text.notification
                0x08001170       0x14 ./src/main.o
                0x08001170                notification
 .text.main     0x08001184       0x24 ./src/main.o
                0x08001184                main
 .text          0x080011a8       0x30 d:/iti_9_month_scholarship/embedded/tourkey/arm_stm32f401/tools/arm gcc/bin/../lib/gcc/arm-none-eabi/5.4.1/armv7e-m\libgcc.a(_aeabi_uldivmod.o)
                0x080011a8                __aeabi_uldivmod
 .text          0x080011d8      0x2e4 d:/iti_9_month_scholarship/embedded/tourkey/arm_stm32f401/tools/arm gcc/bin/../lib/gcc/arm-none-eabi/5.4.1/armv7e-m\libgcc.a(_udivmoddi4.o)
                0x080011d8                __udivmoddi4
 .text          0x080014bc        0x4 d:/iti_9_month_scholarship/embedded/tourkey/arm_stm32f401/tools/arm gcc/bin/../lib/gcc/arm-none-eabi/5.4.1/armv7e-m\libgcc.a(_dvmd_tls.o)
                0x080014bc                __aeabi_idiv0
                0x080014bc                __aeabi_ldiv0
 .text.__errno  0x080014c0        0xc d:/iti_9_month_scholarship/embedded/tourkey/arm_stm32f401/tools/arm gcc/bin/../lib/gcc/arm-none-eabi/5.4.1/../../../../arm-none-eabi/lib/armv7e-m\libg_nano.a(lib_a-errno.o)
                0x080014c0                __errno
 .text._vsnprintf_r
                0x080014cc       0x56 d:/iti_9_month_scholarship/embedded/tourkey/arm_stm32f401/tools/arm gcc/bin/../lib/gcc/arm-none-eabi/5.4.1/../../../../arm-none-eabi/lib/armv7e-m\libg_nano.a(lib_a-vsnprintf.o)
                0x080014cc                _vsniprintf_r
                0x080014cc                _vsnprintf_r
 *fill*         0x08001522        0x2 
 .text.vsnprintf
                0x08001524       0x1c d:/iti_9_month_scholarship/embedded/tourkey/arm_stm32f401/tools/arm gcc/bin/../lib/gcc/arm-none-eabi/5.4.1/../../../../arm-none-eabi/lib/armv7e-m\libg_nano.a(lib_a-vsnprintf.o)
                0x08001524                vsniprintf
                0x08001524                vsnprintf
 .text.__ssputs_r
                0x08001540       0xb2 d:/iti_9_month_scholarship/embedded/tourkey/arm_stm32f401/tools/arm gcc/bin/../lib/gcc/arm-none-eabi/5.4.1/../../../../arm-none-eabi/lib/armv7e-m\libg_nano.a(lib_a-nano-svfprintf.o)
                0x08001540                __ssputs_r
 *fill*         0x080015f2        0x2 
 .text._svfprintf_r
                0x080015f4      0x1e8 d:/iti_9_month_scholarship/embedded/tourkey/arm_stm32f401/tools/arm gcc/bin/../lib/gcc/arm-none-eabi/5.4.1/../../../../arm-none-eabi/lib/armv7e-m\libg_nano.a(lib_a-nano-svfprintf.o)
                0x080015f4                _svfiprintf_r
                0x080015f4                _svfprintf_r
 .text._printf_common
                0x080017dc       0xec d:/iti_9_month_scholarship/embedded/tourkey/arm_stm32f401/tools/arm gcc/bin/../lib/gcc/arm-none-eabi/5.4.1/../../../../arm-none-eabi/lib/armv7e-m\libg_nano.a(lib_a-nano-vfprintf_i.o)
                0x080017dc                _printf_common
 .text._printf_i
                0x080018c8      0x24c d:/iti_9_month_scholarship/embedded/tourkey/arm_stm32f401/tools/arm gcc/bin/../lib/gcc/arm-none-eabi/5.4.1/../../../../arm-none-eabi/lib/armv7e-m\libg_nano.a(lib_a-nano-vfprintf_i.o)
                0x080018c8                _printf_i
 *fill*         0x08001b14        0xc 
 .text          0x08001b20       0xa0 d:/iti_9_month_scholarship/embedded/tourkey/arm_stm32f401/tools/arm gcc/bin/../lib/gcc/arm-none-eabi/5.4.1/../../../../arm-none-eabi/lib/armv7e-m\libg_nano.a(lib_a-memchr.o)
                0x08001b20                memchr
 .text.memcpy   0x08001bc0       0x16 d:/iti_9_month_scholarship/embedded/tourkey/arm_stm32f401/tools/arm gcc/bin/../lib/gcc/arm-none-eabi/5.4.1/../../../../arm-none-eabi/lib/armv7e-m\libg_nano.a(lib_a-memcpy-stub.o)
                0x08001bc0                memcpy
 .text.memmove  0x08001bd6       0x36 d:/iti_9_month_scholarship/embedded/tourkey/arm_stm32f401/tools/arm gcc/bin/../lib/gcc/arm-none-eabi/5.4.1/../../../../arm-none-eabi/lib/armv7e-m\libg_nano.a(lib_a-memmove.o)
                0x08001bd6                memmove
 .text._free_r  0x08001c0c       0x9c d:/iti_9_month_scholarship/embedded/tourkey/arm_stm32f401/tools/arm gcc/bin/../lib/gcc/arm-none-eabi/5.4.1/../../../../arm-none-eabi/lib/armv7e-m\libg_nano.a(lib_a-nano-freer.o)
                0x08001c0c                _free_r
 .text._malloc_r
                0x08001ca8       0xbc d:/iti_9_month_scholarship/embedded/tourkey/arm_stm32f401/tools/arm gcc/bin/../lib/gcc/arm-none-eabi/5.4.1/../../../../arm-none-eabi/lib/armv7e-m\libg_nano.a(lib_a-nano-mallocr.o)
                0x08001ca8                _malloc_r
 .text._realloc_r
                0x08001d64       0x4c d:/iti_9_month_scholarship/embedded/tourkey/arm_stm32f401/tools/arm gcc/bin/../lib/gcc/arm-none-eabi/5.4.1/../../../../arm-none-eabi/lib/armv7e-m\libg_nano.a(lib_a-nano-reallocr.o)
                0x08001d64                _realloc_r
 .text._sbrk_r  0x08001db0       0x20 d:/iti_9_month_scholarship/embedded/tourkey/arm_stm32f401/tools/arm gcc/bin/../lib/gcc/arm-none-eabi/5.4.1/../../../../arm-none-eabi/lib/armv7e-m\libg_nano.a(lib_a-sbrkr.o)
                0x08001db0                _sbrk_r
 .text.__malloc_lock
                0x08001dd0        0x2 d:/iti_9_month_scholarship/embedded/tourkey/arm_stm32f401/tools/arm gcc/bin/../lib/gcc/arm-none-eabi/5.4.1/../../../../arm-none-eabi/lib/armv7e-m\libg_nano.a(lib_a-mlock.o)
                0x08001dd0                __malloc_lock
 .text.__malloc_unlock
                0x08001dd2        0x2 d:/iti_9_month_scholarship/embedded/tourkey/arm_stm32f401/tools/arm gcc/bin/../lib/gcc/arm-none-eabi/5.4.1/../../../../arm-none-eabi/lib/armv7e-m\libg_nano.a(lib_a-mlock.o)
                0x08001dd2                __malloc_unlock
 .text._malloc_usable_size_r
                0x08001dd4       0x14 d:/iti_9_month_scholarship/embedded/tourkey/arm_stm32f401/tools/arm gcc/bin/../lib/gcc/arm-none-eabi/5.4.1/../../../../arm-none-eabi/lib/armv7e-m\libg_nano.a(lib_a-nano-msizer.o)
                0x08001dd4                _malloc_usable_size_r
 *(.rodata .rodata.* .constdata .constdata.*)
 .rodata.str1.4
                0x08001de8      0x146 ./system/src/cortexm/exception_handlers.o
 *fill*         0x08001f2e        0x2 
 .rodata.AHBPrescTable
                0x08001f30       0x10 ./system/src/cmsis/system_stm32f4xx.o
                0x08001f30                AHBPrescTable
 .rodata.Usart_DeviceCfg
                0x08001f40       0x28 ./src/UsartHal_cfg.o
                0x08001f40                Usart_DeviceCfg
 .rodata.str1.4
                0x08001f68        0x4 ./src/main.o
                                  0x3 (size before relaxing)
 .rodata.str1.1
                0x08001f6c       0x11 d:/iti_9_month_scholarship/embedded/tourkey/arm_stm32f401/tools/arm gcc/bin/../lib/gcc/arm-none-eabi/5.4.1/../../../../arm-none-eabi/lib/armv7e-m\libg_nano.a(lib_a-nano-svfprintf.o)
 .rodata.str1.1
                0x08001f7d       0x22 d:/iti_9_month_scholarship/embedded/tourkey/arm_stm32f401/tools/arm gcc/bin/../lib/gcc/arm-none-eabi/5.4.1/../../../../arm-none-eabi/lib/armv7e-m\libg_nano.a(lib_a-nano-vfprintf_i.o)
 *(vtable)
 *(.eh_frame*)
 *(.glue_7)
 .glue_7        0x08001f9f        0x0 linker stubs
 *(.glue_7t)
 .glue_7t       0x08001f9f        0x0 linker stubs

.vfp11_veneer   0x08001fa0        0x0
 .vfp11_veneer  0x08001fa0        0x0 linker stubs

.v4_bx          0x08001fa0        0x0
 .v4_bx         0x08001fa0        0x0 linker stubs

.iplt           0x08001fa0        0x0
 .iplt          0x08001fa0        0x0 ./system/src/stm32f4-hal/stm32f4xx_hal.o

.ARM.extab
 *(.ARM.extab* .gnu.linkonce.armextab.*)
                0x08001fa0                . = ALIGN (0x4)
                0x08001fa0                __exidx_start = .

.ARM.exidx      0x08001fa0        0x8
 *(.ARM.exidx* .gnu.linkonce.armexidx.*)
 .ARM.exidx     0x08001fa0        0x8 d:/iti_9_month_scholarship/embedded/tourkey/arm_stm32f401/tools/arm gcc/bin/../lib/gcc/arm-none-eabi/5.4.1/armv7e-m\libgcc.a(_udivmoddi4.o)
                0x08001fa8                __exidx_end = .

.rel.dyn        0x08001fa8        0x0
 .rel.iplt      0x08001fa8        0x0 ./system/src/stm32f4-hal/stm32f4xx_hal.o
                0x08001fa8                . = ALIGN (0x4)
                0x08001fa8                _etext = .
                0x08001fa8                __etext = .

.data_CCMRAM    0x10000000        0x0 load address 0x08001fa8
 FILL mask 0xff
 *(.data.CCMRAM .data.CCMRAM.*)
                0x10000000                . = ALIGN (0x4)
                0x08001fa8                _sidata = LOADADDR (.data)

.data           0x20000000       0x78 load address 0x08001fa8
 FILL mask 0xff
                0x20000000                _sdata = .
                0x20000000                __data_start__ = .
 *(.data_begin .data_begin.*)
 .data_begin    0x20000000        0x4 ./system/src/newlib/_startup.o
 *(.data .data.*)
 .data.argv.4290
                0x20000004        0x8 ./system/src/newlib/_syscalls.o
 .data.SystemCoreClock
                0x2000000c        0x4 ./system/src/cmsis/system_stm32f4xx.o
                0x2000000c                SystemCoreClock
 .data.impure_data
                0x20000010       0x60 d:/iti_9_month_scholarship/embedded/tourkey/arm_stm32f401/tools/arm gcc/bin/../lib/gcc/arm-none-eabi/5.4.1/../../../../arm-none-eabi/lib/armv7e-m\libg_nano.a(lib_a-impure.o)
 .data._impure_ptr
                0x20000070        0x4 d:/iti_9_month_scholarship/embedded/tourkey/arm_stm32f401/tools/arm gcc/bin/../lib/gcc/arm-none-eabi/5.4.1/../../../../arm-none-eabi/lib/armv7e-m\libg_nano.a(lib_a-impure.o)
                0x20000070                _impure_ptr
 *(.data_end .data_end.*)
 .data_end      0x20000074        0x4 ./system/src/newlib/_startup.o
                0x20000078                . = ALIGN (0x4)
                0x20000078                _edata = .
                0x20000078                __data_end__ = .

.igot.plt       0x20000078        0x0 load address 0x08002020
 .igot.plt      0x20000078        0x0 ./system/src/stm32f4-hal/stm32f4xx_hal.o

.bss_CCMRAM     0x10000000        0x0
 *(.bss.CCMRAM .bss.CCMRAM.*)

.bss            0x20000078      0x188
                0x20000078                __bss_start__ = .
                0x20000078                _sbss = .
 *(.bss_begin .bss_begin.*)
 .bss_begin     0x20000078        0x4 ./system/src/newlib/_startup.o
 *(.bss .bss.*)
 .bss.current_heap_end.3974
                0x2000007c        0x4 ./system/src/newlib/_sbrk.o
 .bss.name.4289
                0x20000080        0x1 ./system/src/newlib/_syscalls.o
 *fill*         0x20000081        0x3 
 .bss.buf.5179  0x20000084       0x80 ./system/src/diag/Trace.o
 .bss.Usart2_TxGlobalBuffer
                0x20000104        0x8 ./src/UsartHal.o
 .bss.Usart1_TxGlobalBuffer
                0x2000010c        0x8 ./src/UsartHal.o
 .bss.Usart6_RxBsy
                0x20000114        0x1 ./src/UsartHal.o
 *fill*         0x20000115        0x3 
 .bss.Usart6_RxGlobalBuffer
                0x20000118        0x8 ./src/UsartHal.o
 .bss.Usart1_RxGlobalBuffer
                0x20000120        0x8 ./src/UsartHal.o
 .bss.Usart2_RxBsy
                0x20000128        0x1 ./src/UsartHal.o
 .bss.Usart1_RxBsy
                0x20000129        0x1 ./src/UsartHal.o
 *fill*         0x2000012a        0x2 
 .bss.Usart6_TxGlobalBuffer
                0x2000012c        0x8 ./src/UsartHal.o
 .bss.Usart2_RxGlobalBuffer
                0x20000134        0x8 ./src/UsartHal.o
 .bss.Usart1_TxBsy
                0x2000013c        0x1 ./src/UsartHal.o
 *fill*         0x2000013d        0x3 
 .bss.__malloc_sbrk_start
                0x20000140        0x4 d:/iti_9_month_scholarship/embedded/tourkey/arm_stm32f401/tools/arm gcc/bin/../lib/gcc/arm-none-eabi/5.4.1/../../../../arm-none-eabi/lib/armv7e-m\libg_nano.a(lib_a-nano-mallocr.o)
                0x20000140                __malloc_sbrk_start
 .bss.__malloc_free_list
                0x20000144        0x4 d:/iti_9_month_scholarship/embedded/tourkey/arm_stm32f401/tools/arm gcc/bin/../lib/gcc/arm-none-eabi/5.4.1/../../../../arm-none-eabi/lib/armv7e-m\libg_nano.a(lib_a-nano-mallocr.o)
                0x20000144                __malloc_free_list
 *(COMMON)
 COMMON         0x20000148        0x4 ./system/src/newlib/_syscalls.o
                0x20000148                errno
 COMMON         0x2000014c       0x40 ./src/Dma.o
                0x2000014c                Dma1_pcbfManCbf
                0x2000016c                Dma2_pcbfManCbf
 COMMON         0x2000018c        0xc ./src/Uart.o
                0x2000018c                Uart_pcbfManCbf
 COMMON         0x20000198       0x58 ./src/UsartHal.o
                0x20000198                Usart_pcbfDma2NotifyApp
                0x200001b8                Usart_pcbfDma1NotifyApp
                0x200001d8                Usart_pcbfRxNotifyApp
                0x200001e4                Usart_pcbfTxNotifyApp
 COMMON         0x200001f0        0xb ./src/main.o
                0x200001f0                arr1
 *(.bss_end .bss_end.*)
 *fill*         0x200001fb        0x1 
 .bss_end       0x200001fc        0x4 ./system/src/newlib/_startup.o
                0x20000200                . = ALIGN (0x4)
                0x20000200                __bss_end__ = .
                0x20000200                _ebss = .

.noinit_CCMRAM
 *(.noinit.CCMRAM .noinit.CCMRAM.*)

.noinit         0x20000200        0x0
                0x20000200                _noinit = .
 *(.noinit .noinit.*)
                0x20000200                . = ALIGN (0x4)
                0x20000200                _end_noinit = .
                [!provide]                PROVIDE (end, _end_noinit)
                [!provide]                PROVIDE (_end, _end_noinit)
                [!provide]                PROVIDE (__end, _end_noinit)
                [!provide]                PROVIDE (__end__, _end_noinit)

._check_stack   0x20000200      0x100
                0x20000300                . = (. + _Minimum_Stack_Size)
 *fill*         0x20000200      0x100 

.b1text
 *(.b1text)
 *(.b1rodata)
 *(.b1rodata.*)

.AppInfo
 *(.AppInfo.*)

.Marker
 *(.Marker.*)

.eb0text
 *(.eb0text)
 *(.eb0rodata)
 *(.eb0rodata.*)

.eb1text
 *(.eb1text)
 *(.eb1rodata)
 *(.eb1rodata.*)

.eb2text
 *(.eb2text)
 *(.eb2rodata)
 *(.eb2rodata.*)

.eb3text
 *(.eb3text)
 *(.eb3rodata)
 *(.eb3rodata.*)

.stab
 *(.stab)

.stabstr
 *(.stabstr)

.stab.excl
 *(.stab.excl)

.stab.exclstr
 *(.stab.exclstr)

.stab.index
 *(.stab.index)

.stab.indexstr
 *(.stab.indexstr)

.comment        0x00000000       0x6e
 *(.comment)
 .comment       0x00000000       0x6e ./system/src/newlib/_exit.o
                                 0x6f (size before relaxing)
 .comment       0x0000006e       0x6f ./system/src/newlib/_sbrk.o
 .comment       0x0000006e       0x6f ./system/src/newlib/_startup.o
 .comment       0x0000006e       0x6f ./system/src/newlib/_syscalls.o
 .comment       0x0000006e       0x6f ./system/src/diag/Trace.o
 .comment       0x0000006e       0x6f ./system/src/diag/trace_impl.o
 .comment       0x0000006e       0x6f ./system/src/cortexm/_initialize_hardware.o
 .comment       0x0000006e       0x6f ./system/src/cortexm/exception_handlers.o
 .comment       0x0000006e       0x6f ./system/src/cmsis/system_stm32f4xx.o
 .comment       0x0000006e       0x6f ./system/src/cmsis/vectors_stm32f401xc.o
 .comment       0x0000006e       0x6f ./src/Dma.o
 .comment       0x0000006e       0x6f ./src/Gpio.o
 .comment       0x0000006e       0x6f ./src/NVIC.o
 .comment       0x0000006e       0x6f ./src/Rcc.o
 .comment       0x0000006e       0x6f ./src/Uart.o
 .comment       0x0000006e       0x6f ./src/UsartHal.o
 .comment       0x0000006e       0x6f ./src/UsartHal_cfg.o
 .comment       0x0000006e       0x6f ./src/main.o

.ARM.attributes
                0x00000000       0x31
 .ARM.attributes
                0x00000000       0x33 ./system/src/newlib/_exit.o
 .ARM.attributes
                0x00000033       0x33 ./system/src/newlib/_sbrk.o
 .ARM.attributes
                0x00000066       0x33 ./system/src/newlib/_startup.o
 .ARM.attributes
                0x00000099       0x33 ./system/src/newlib/_syscalls.o
 .ARM.attributes
                0x000000cc       0x33 ./system/src/diag/Trace.o
 .ARM.attributes
                0x000000ff       0x33 ./system/src/diag/trace_impl.o
 .ARM.attributes
                0x00000132       0x33 ./system/src/cortexm/_initialize_hardware.o
 .ARM.attributes
                0x00000165       0x33 ./system/src/cortexm/exception_handlers.o
 .ARM.attributes
                0x00000198       0x33 ./system/src/cmsis/system_stm32f4xx.o
 .ARM.attributes
                0x000001cb       0x33 ./system/src/cmsis/vectors_stm32f401xc.o
 .ARM.attributes
                0x000001fe       0x33 ./src/Dma.o
 .ARM.attributes
                0x00000231       0x33 ./src/Gpio.o
 .ARM.attributes
                0x00000264       0x33 ./src/NVIC.o
 .ARM.attributes
                0x00000297       0x33 ./src/Rcc.o
 .ARM.attributes
                0x000002ca       0x33 ./src/Uart.o
 .ARM.attributes
                0x000002fd       0x33 ./src/UsartHal.o
 .ARM.attributes
                0x00000330       0x33 ./src/UsartHal_cfg.o
 .ARM.attributes
                0x00000363       0x33 ./src/main.o
 .ARM.attributes
                0x00000396       0x1e d:/iti_9_month_scholarship/embedded/tourkey/arm_stm32f401/tools/arm gcc/bin/../lib/gcc/arm-none-eabi/5.4.1/armv7e-m\libgcc.a(_aeabi_uldivmod.o)
 .ARM.attributes
                0x000003b4       0x2e d:/iti_9_month_scholarship/embedded/tourkey/arm_stm32f401/tools/arm gcc/bin/../lib/gcc/arm-none-eabi/5.4.1/armv7e-m\libgcc.a(_udivmoddi4.o)
 .ARM.attributes
                0x000003e2       0x1e d:/iti_9_month_scholarship/embedded/tourkey/arm_stm32f401/tools/arm gcc/bin/../lib/gcc/arm-none-eabi/5.4.1/armv7e-m\libgcc.a(_dvmd_tls.o)
 .ARM.attributes
                0x00000400       0x2e d:/iti_9_month_scholarship/embedded/tourkey/arm_stm32f401/tools/arm gcc/bin/../lib/gcc/arm-none-eabi/5.4.1/../../../../arm-none-eabi/lib/armv7e-m\libg_nano.a(lib_a-errno.o)
 .ARM.attributes
                0x0000042e       0x2e d:/iti_9_month_scholarship/embedded/tourkey/arm_stm32f401/tools/arm gcc/bin/../lib/gcc/arm-none-eabi/5.4.1/../../../../arm-none-eabi/lib/armv7e-m\libg_nano.a(lib_a-impure.o)
 .ARM.attributes
                0x0000045c       0x2e d:/iti_9_month_scholarship/embedded/tourkey/arm_stm32f401/tools/arm gcc/bin/../lib/gcc/arm-none-eabi/5.4.1/../../../../arm-none-eabi/lib/armv7e-m\libg_nano.a(lib_a-vsnprintf.o)
 .ARM.attributes
                0x0000048a       0x2e d:/iti_9_month_scholarship/embedded/tourkey/arm_stm32f401/tools/arm gcc/bin/../lib/gcc/arm-none-eabi/5.4.1/../../../../arm-none-eabi/lib/armv7e-m\libg_nano.a(lib_a-nano-svfprintf.o)
 .ARM.attributes
                0x000004b8       0x2e d:/iti_9_month_scholarship/embedded/tourkey/arm_stm32f401/tools/arm gcc/bin/../lib/gcc/arm-none-eabi/5.4.1/../../../../arm-none-eabi/lib/armv7e-m\libg_nano.a(lib_a-nano-vfprintf_i.o)
 .ARM.attributes
                0x000004e6       0x1c d:/iti_9_month_scholarship/embedded/tourkey/arm_stm32f401/tools/arm gcc/bin/../lib/gcc/arm-none-eabi/5.4.1/../../../../arm-none-eabi/lib/armv7e-m\libg_nano.a(lib_a-memchr.o)
 .ARM.attributes
                0x00000502       0x2e d:/iti_9_month_scholarship/embedded/tourkey/arm_stm32f401/tools/arm gcc/bin/../lib/gcc/arm-none-eabi/5.4.1/../../../../arm-none-eabi/lib/armv7e-m\libg_nano.a(lib_a-memcpy-stub.o)
 .ARM.attributes
                0x00000530       0x2e d:/iti_9_month_scholarship/embedded/tourkey/arm_stm32f401/tools/arm gcc/bin/../lib/gcc/arm-none-eabi/5.4.1/../../../../arm-none-eabi/lib/armv7e-m\libg_nano.a(lib_a-memmove.o)
 .ARM.attributes
                0x0000055e       0x2e d:/iti_9_month_scholarship/embedded/tourkey/arm_stm32f401/tools/arm gcc/bin/../lib/gcc/arm-none-eabi/5.4.1/../../../../arm-none-eabi/lib/armv7e-m\libg_nano.a(lib_a-nano-freer.o)
 .ARM.attributes
                0x0000058c       0x2e d:/iti_9_month_scholarship/embedded/tourkey/arm_stm32f401/tools/arm gcc/bin/../lib/gcc/arm-none-eabi/5.4.1/../../../../arm-none-eabi/lib/armv7e-m\libg_nano.a(lib_a-nano-mallocr.o)
 .ARM.attributes
                0x000005ba       0x2e d:/iti_9_month_scholarship/embedded/tourkey/arm_stm32f401/tools/arm gcc/bin/../lib/gcc/arm-none-eabi/5.4.1/../../../../arm-none-eabi/lib/armv7e-m\libg_nano.a(lib_a-nano-reallocr.o)
 .ARM.attributes
                0x000005e8       0x2e d:/iti_9_month_scholarship/embedded/tourkey/arm_stm32f401/tools/arm gcc/bin/../lib/gcc/arm-none-eabi/5.4.1/../../../../arm-none-eabi/lib/armv7e-m\libg_nano.a(lib_a-sbrkr.o)
 .ARM.attributes
                0x00000616       0x2e d:/iti_9_month_scholarship/embedded/tourkey/arm_stm32f401/tools/arm gcc/bin/../lib/gcc/arm-none-eabi/5.4.1/../../../../arm-none-eabi/lib/armv7e-m\libg_nano.a(lib_a-mlock.o)
 .ARM.attributes
                0x00000644       0x2e d:/iti_9_month_scholarship/embedded/tourkey/arm_stm32f401/tools/arm gcc/bin/../lib/gcc/arm-none-eabi/5.4.1/../../../../arm-none-eabi/lib/armv7e-m\libg_nano.a(lib_a-nano-msizer.o)

.debug
 *(.debug)

.line
 *(.line)

.debug_srcinfo
 *(.debug_srcinfo)

.debug_sfnames
 *(.debug_sfnames)

.debug_aranges  0x00000000      0x530
 *(.debug_aranges)
 .debug_aranges
                0x00000000       0x28 ./system/src/newlib/_exit.o
 .debug_aranges
                0x00000028       0x20 ./system/src/newlib/_sbrk.o
 .debug_aranges
                0x00000048       0x40 ./system/src/newlib/_startup.o
 .debug_aranges
                0x00000088       0x30 ./system/src/newlib/_syscalls.o
 .debug_aranges
                0x000000b8       0x38 ./system/src/diag/Trace.o
 .debug_aranges
                0x000000f0       0x30 ./system/src/diag/trace_impl.o
 .debug_aranges
                0x00000120       0x28 ./system/src/cortexm/_initialize_hardware.o
 .debug_aranges
                0x00000148       0x90 ./system/src/cortexm/exception_handlers.o
 .debug_aranges
                0x000001d8       0x28 ./system/src/cmsis/system_stm32f4xx.o
 .debug_aranges
                0x00000200       0x20 ./system/src/cmsis/vectors_stm32f401xc.o
 .debug_aranges
                0x00000220       0xb8 ./src/Dma.o
 .debug_aranges
                0x000002d8       0x38 ./src/Gpio.o
 .debug_aranges
                0x00000310       0x50 ./src/NVIC.o
 .debug_aranges
                0x00000360       0x68 ./src/Rcc.o
 .debug_aranges
                0x000003c8       0x90 ./src/Uart.o
 .debug_aranges
                0x00000458       0x98 ./src/UsartHal.o
 .debug_aranges
                0x000004f0       0x18 ./src/UsartHal_cfg.o
 .debug_aranges
                0x00000508       0x28 ./src/main.o

.debug_pubnames
 *(.debug_pubnames)

.debug_info     0x00000000     0x51bb
 *(.debug_info .gnu.linkonce.wi.*)
 .debug_info    0x00000000       0xef ./system/src/newlib/_exit.o
 .debug_info    0x000000ef      0x11f ./system/src/newlib/_sbrk.o
 .debug_info    0x0000020e      0x4f2 ./system/src/newlib/_startup.o
 .debug_info    0x00000700      0x1c7 ./system/src/newlib/_syscalls.o
 .debug_info    0x000008c7      0x2e7 ./system/src/diag/Trace.o
 .debug_info    0x00000bae      0x30b ./system/src/diag/trace_impl.o
 .debug_info    0x00000eb9      0x2bf ./system/src/cortexm/_initialize_hardware.o
 .debug_info    0x00001178      0x8f4 ./system/src/cortexm/exception_handlers.o
 .debug_info    0x00001a6c      0x4e3 ./system/src/cmsis/system_stm32f4xx.o
 .debug_info    0x00001f4f       0xd1 ./system/src/cmsis/vectors_stm32f401xc.o
 .debug_info    0x00002020      0x5df ./src/Dma.o
 .debug_info    0x000025ff      0x2fc ./src/Gpio.o
 .debug_info    0x000028fb      0x616 ./src/NVIC.o
 .debug_info    0x00002f11      0x618 ./src/Rcc.o
 .debug_info    0x00003529      0x5da ./src/Uart.o
 .debug_info    0x00003b03     0x13bc ./src/UsartHal.o
 .debug_info    0x00004ebf      0x169 ./src/UsartHal_cfg.o
 .debug_info    0x00005028      0x193 ./src/main.o

.debug_abbrev   0x00000000     0x15be
 *(.debug_abbrev)
 .debug_abbrev  0x00000000       0x8e ./system/src/newlib/_exit.o
 .debug_abbrev  0x0000008e       0xb9 ./system/src/newlib/_sbrk.o
 .debug_abbrev  0x00000147      0x1b6 ./system/src/newlib/_startup.o
 .debug_abbrev  0x000002fd       0xec ./system/src/newlib/_syscalls.o
 .debug_abbrev  0x000003e9      0x156 ./system/src/diag/Trace.o
 .debug_abbrev  0x0000053f      0x1c8 ./system/src/diag/trace_impl.o
 .debug_abbrev  0x00000707       0xea ./system/src/cortexm/_initialize_hardware.o
 .debug_abbrev  0x000007f1      0x247 ./system/src/cortexm/exception_handlers.o
 .debug_abbrev  0x00000a38      0x104 ./system/src/cmsis/system_stm32f4xx.o
 .debug_abbrev  0x00000b3c       0x9d ./system/src/cmsis/vectors_stm32f401xc.o
 .debug_abbrev  0x00000bd9      0x116 ./src/Dma.o
 .debug_abbrev  0x00000cef      0x109 ./src/Gpio.o
 .debug_abbrev  0x00000df8      0x130 ./src/NVIC.o
 .debug_abbrev  0x00000f28      0x163 ./src/Rcc.o
 .debug_abbrev  0x0000108b      0x141 ./src/Uart.o
 .debug_abbrev  0x000011cc      0x281 ./src/UsartHal.o
 .debug_abbrev  0x0000144d       0x90 ./src/UsartHal_cfg.o
 .debug_abbrev  0x000014dd       0xe1 ./src/main.o

.debug_line     0x00000000     0x4fbe
 *(.debug_line)
 .debug_line    0x00000000      0x379 ./system/src/newlib/_exit.o
 .debug_line    0x00000379      0x32a ./system/src/newlib/_sbrk.o
 .debug_line    0x000006a3      0x3f2 ./system/src/newlib/_startup.o
 .debug_line    0x00000a95      0x454 ./system/src/newlib/_syscalls.o
 .debug_line    0x00000ee9      0x3e7 ./system/src/diag/Trace.o
 .debug_line    0x000012d0      0xae6 ./system/src/diag/trace_impl.o
 .debug_line    0x00001db6      0xa4e ./system/src/cortexm/_initialize_hardware.o
 .debug_line    0x00002804      0xb84 ./system/src/cortexm/exception_handlers.o
 .debug_line    0x00003388      0xa4e ./system/src/cmsis/system_stm32f4xx.o
 .debug_line    0x00003dd6      0x114 ./system/src/cmsis/vectors_stm32f401xc.o
 .debug_line    0x00003eea      0x29d ./src/Dma.o
 .debug_line    0x00004187      0x101 ./src/Gpio.o
 .debug_line    0x00004288      0x105 ./src/NVIC.o
 .debug_line    0x0000438d      0x306 ./src/Rcc.o
 .debug_line    0x00004693      0x1cf ./src/Uart.o
 .debug_line    0x00004862      0x33c ./src/UsartHal.o
 .debug_line    0x00004b9e       0x6f ./src/UsartHal_cfg.o
 .debug_line    0x00004c0d      0x3b1 ./src/main.o

.debug_frame    0x00000000      0xe40
 *(.debug_frame)
 .debug_frame   0x00000000       0x38 ./system/src/newlib/_exit.o
 .debug_frame   0x00000038       0x28 ./system/src/newlib/_sbrk.o
 .debug_frame   0x00000060       0x7c ./system/src/newlib/_startup.o
 .debug_frame   0x000000dc       0x50 ./system/src/newlib/_syscalls.o
 .debug_frame   0x0000012c       0x94 ./system/src/diag/Trace.o
 .debug_frame   0x000001c0       0x60 ./system/src/diag/trace_impl.o
 .debug_frame   0x00000220       0x40 ./system/src/cortexm/_initialize_hardware.o
 .debug_frame   0x00000260      0x158 ./system/src/cortexm/exception_handlers.o
 .debug_frame   0x000003b8       0x30 ./system/src/cmsis/system_stm32f4xx.o
 .debug_frame   0x000003e8       0x20 ./system/src/cmsis/vectors_stm32f401xc.o
 .debug_frame   0x00000408      0x1f8 ./src/Dma.o
 .debug_frame   0x00000600       0x60 ./src/Gpio.o
 .debug_frame   0x00000660       0x8c ./src/NVIC.o
 .debug_frame   0x000006ec      0x114 ./src/Rcc.o
 .debug_frame   0x00000800      0x12c ./src/Uart.o
 .debug_frame   0x0000092c      0x1b0 ./src/UsartHal.o
 .debug_frame   0x00000adc       0x40 ./src/main.o
 .debug_frame   0x00000b1c       0x2c d:/iti_9_month_scholarship/embedded/tourkey/arm_stm32f401/tools/arm gcc/bin/../lib/gcc/arm-none-eabi/5.4.1/armv7e-m\libgcc.a(_aeabi_uldivmod.o)
 .debug_frame   0x00000b48       0x34 d:/iti_9_month_scholarship/embedded/tourkey/arm_stm32f401/tools/arm gcc/bin/../lib/gcc/arm-none-eabi/5.4.1/armv7e-m\libgcc.a(_udivmoddi4.o)
 .debug_frame   0x00000b7c       0x20 d:/iti_9_month_scholarship/embedded/tourkey/arm_stm32f401/tools/arm gcc/bin/../lib/gcc/arm-none-eabi/5.4.1/../../../../arm-none-eabi/lib/armv7e-m\libg_nano.a(lib_a-errno.o)
 .debug_frame   0x00000b9c       0x48 d:/iti_9_month_scholarship/embedded/tourkey/arm_stm32f401/tools/arm gcc/bin/../lib/gcc/arm-none-eabi/5.4.1/../../../../arm-none-eabi/lib/armv7e-m\libg_nano.a(lib_a-vsnprintf.o)
 .debug_frame   0x00000be4       0x90 d:/iti_9_month_scholarship/embedded/tourkey/arm_stm32f401/tools/arm gcc/bin/../lib/gcc/arm-none-eabi/5.4.1/../../../../arm-none-eabi/lib/armv7e-m\libg_nano.a(lib_a-nano-svfprintf.o)
 .debug_frame   0x00000c74       0x60 d:/iti_9_month_scholarship/embedded/tourkey/arm_stm32f401/tools/arm gcc/bin/../lib/gcc/arm-none-eabi/5.4.1/../../../../arm-none-eabi/lib/armv7e-m\libg_nano.a(lib_a-nano-vfprintf_i.o)
 .debug_frame   0x00000cd4       0x28 d:/iti_9_month_scholarship/embedded/tourkey/arm_stm32f401/tools/arm gcc/bin/../lib/gcc/arm-none-eabi/5.4.1/../../../../arm-none-eabi/lib/armv7e-m\libg_nano.a(lib_a-memcpy-stub.o)
 .debug_frame   0x00000cfc       0x28 d:/iti_9_month_scholarship/embedded/tourkey/arm_stm32f401/tools/arm gcc/bin/../lib/gcc/arm-none-eabi/5.4.1/../../../../arm-none-eabi/lib/armv7e-m\libg_nano.a(lib_a-memmove.o)
 .debug_frame   0x00000d24       0x38 d:/iti_9_month_scholarship/embedded/tourkey/arm_stm32f401/tools/arm gcc/bin/../lib/gcc/arm-none-eabi/5.4.1/../../../../arm-none-eabi/lib/armv7e-m\libg_nano.a(lib_a-nano-freer.o)
 .debug_frame   0x00000d5c       0x2c d:/iti_9_month_scholarship/embedded/tourkey/arm_stm32f401/tools/arm gcc/bin/../lib/gcc/arm-none-eabi/5.4.1/../../../../arm-none-eabi/lib/armv7e-m\libg_nano.a(lib_a-nano-mallocr.o)
 .debug_frame   0x00000d88       0x3c d:/iti_9_month_scholarship/embedded/tourkey/arm_stm32f401/tools/arm gcc/bin/../lib/gcc/arm-none-eabi/5.4.1/../../../../arm-none-eabi/lib/armv7e-m\libg_nano.a(lib_a-nano-reallocr.o)
 .debug_frame   0x00000dc4       0x2c d:/iti_9_month_scholarship/embedded/tourkey/arm_stm32f401/tools/arm gcc/bin/../lib/gcc/arm-none-eabi/5.4.1/../../../../arm-none-eabi/lib/armv7e-m\libg_nano.a(lib_a-sbrkr.o)
 .debug_frame   0x00000df0       0x30 d:/iti_9_month_scholarship/embedded/tourkey/arm_stm32f401/tools/arm gcc/bin/../lib/gcc/arm-none-eabi/5.4.1/../../../../arm-none-eabi/lib/armv7e-m\libg_nano.a(lib_a-mlock.o)
 .debug_frame   0x00000e20       0x20 d:/iti_9_month_scholarship/embedded/tourkey/arm_stm32f401/tools/arm gcc/bin/../lib/gcc/arm-none-eabi/5.4.1/../../../../arm-none-eabi/lib/armv7e-m\libg_nano.a(lib_a-nano-msizer.o)

.debug_str      0x00000000    0x7524a
 *(.debug_str)
 .debug_str     0x00000000     0x6d7f ./system/src/newlib/_exit.o
                               0x6ef1 (size before relaxing)
 .debug_str     0x00006d7f      0x4de ./system/src/newlib/_sbrk.o
                               0x62dc (size before relaxing)
 .debug_str     0x0000725d      0xc29 ./system/src/newlib/_startup.o
                               0x5ef7 (size before relaxing)
 .debug_str     0x00007e86      0xe18 ./system/src/newlib/_syscalls.o
                               0x713c (size before relaxing)
 .debug_str     0x00008c9e      0x890 ./system/src/diag/Trace.o
                               0x76e1 (size before relaxing)
 .debug_str     0x0000952e    0x67a24 ./system/src/diag/trace_impl.o
                              0x6f9f7 (size before relaxing)
 .debug_str     0x00070f52       0xc4 ./system/src/cortexm/_initialize_hardware.o
                              0x6e7d8 (size before relaxing)
 .debug_str     0x00071016      0x1a6 ./system/src/cortexm/exception_handlers.o
                              0x6fb81 (size before relaxing)
 .debug_str     0x000711bc       0xe2 ./system/src/cmsis/system_stm32f4xx.o
                              0x6e8c9 (size before relaxing)
 .debug_str     0x0007129e       0x59 ./system/src/cmsis/vectors_stm32f401xc.o
                               0x30ae (size before relaxing)
 .debug_str     0x000712f7     0x1014 ./src/Dma.o
                               0x3603 (size before relaxing)
 .debug_str     0x0007230b      0x986 ./src/Gpio.o
                               0x2f95 (size before relaxing)
 .debug_str     0x00072c91      0x6f4 ./src/NVIC.o
                               0x2d17 (size before relaxing)
 .debug_str     0x00073385     0x10c1 ./src/Rcc.o
                               0x3733 (size before relaxing)
 .debug_str     0x00074446      0x829 ./src/Uart.o
                               0x2e61 (size before relaxing)
 .debug_str     0x00074c6f      0x525 ./src/UsartHal.o
                               0x53bd (size before relaxing)
 .debug_str     0x00075194       0x16 ./src/UsartHal_cfg.o
                               0x2a78 (size before relaxing)
 .debug_str     0x000751aa       0xa0 ./src/main.o
                               0x7795 (size before relaxing)

.debug_loc      0x00000000     0x366a
 *(.debug_loc)
 .debug_loc     0x00000000       0x82 ./system/src/newlib/_sbrk.o
 .debug_loc     0x00000082      0x36e ./system/src/newlib/_startup.o
 .debug_loc     0x000003f0       0x63 ./system/src/newlib/_syscalls.o
 .debug_loc     0x00000453      0x102 ./system/src/diag/Trace.o
 .debug_loc     0x00000555      0x17c ./system/src/diag/trace_impl.o
 .debug_loc     0x000006d1      0x2a8 ./system/src/cortexm/exception_handlers.o
 .debug_loc     0x00000979      0x132 ./system/src/cmsis/system_stm32f4xx.o
 .debug_loc     0x00000aab      0x555 ./src/Dma.o
 .debug_loc     0x00001000      0x3d8 ./src/Gpio.o
 .debug_loc     0x000013d8      0x398 ./src/NVIC.o
 .debug_loc     0x00001770      0xff3 ./src/Rcc.o
 .debug_loc     0x00002763      0x617 ./src/Uart.o
 .debug_loc     0x00002d7a      0x8f0 ./src/UsartHal.o

.debug_macinfo
 *(.debug_macinfo)

.debug_weaknames
 *(.debug_weaknames)

.debug_funcnames
 *(.debug_funcnames)

.debug_typenames
 *(.debug_typenames)

.debug_varnames
 *(.debug_varnames)
OUTPUT(BootLoader.elf elf32-littlearm)

.debug_ranges   0x00000000      0x4b8
 .debug_ranges  0x00000000       0x18 ./system/src/newlib/_exit.o
 .debug_ranges  0x00000018       0x10 ./system/src/newlib/_sbrk.o
 .debug_ranges  0x00000028       0x30 ./system/src/newlib/_startup.o
 .debug_ranges  0x00000058       0x20 ./system/src/newlib/_syscalls.o
 .debug_ranges  0x00000078       0x28 ./system/src/diag/Trace.o
 .debug_ranges  0x000000a0       0x38 ./system/src/diag/trace_impl.o
 .debug_ranges  0x000000d8       0x18 ./system/src/cortexm/_initialize_hardware.o
 .debug_ranges  0x000000f0       0x98 ./system/src/cortexm/exception_handlers.o
 .debug_ranges  0x00000188       0x18 ./system/src/cmsis/system_stm32f4xx.o
 .debug_ranges  0x000001a0       0x10 ./system/src/cmsis/vectors_stm32f401xc.o
 .debug_ranges  0x000001b0       0xa8 ./src/Dma.o
 .debug_ranges  0x00000258       0x40 ./src/Gpio.o
 .debug_ranges  0x00000298       0x40 ./src/NVIC.o
 .debug_ranges  0x000002d8       0x70 ./src/Rcc.o
 .debug_ranges  0x00000348       0x80 ./src/Uart.o
 .debug_ranges  0x000003c8       0xd8 ./src/UsartHal.o
 .debug_ranges  0x000004a0       0x18 ./src/main.o

.debug_macro    0x00000000     0x35df
 .debug_macro   0x00000000      0x19c ./system/src/newlib/_exit.o
 .debug_macro   0x0000019c      0x10e ./system/src/newlib/_exit.o
 .debug_macro   0x000002aa       0x8d ./system/src/newlib/_exit.o
 .debug_macro   0x00000337       0x35 ./system/src/newlib/_exit.o
 .debug_macro   0x0000036c      0x151 ./system/src/newlib/_sbrk.o
 .debug_macro   0x000004bd      0x174 ./system/src/newlib/_sbrk.o
 .debug_macro   0x00000631       0x10 ./system/src/newlib/_sbrk.o
 .debug_macro   0x00000641      0x23b ./system/src/newlib/_sbrk.o
 .debug_macro   0x0000087c      0x15b ./system/src/newlib/_startup.o
 .debug_macro   0x000009d7      0x89e ./system/src/newlib/_startup.o
 .debug_macro   0x00001275      0x1ff ./system/src/newlib/_syscalls.o
 .debug_macro   0x00001474       0x1c ./system/src/newlib/_syscalls.o
 .debug_macro   0x00001490       0x10 ./system/src/newlib/_syscalls.o
 .debug_macro   0x000014a0       0x10 ./system/src/newlib/_syscalls.o
 .debug_macro   0x000014b0       0x10 ./system/src/newlib/_syscalls.o
 .debug_macro   0x000014c0       0x35 ./system/src/newlib/_syscalls.o
 .debug_macro   0x000014f5      0x122 ./system/src/newlib/_syscalls.o
 .debug_macro   0x00001617       0x88 ./system/src/newlib/_syscalls.o
 .debug_macro   0x0000169f       0x2b ./system/src/newlib/_syscalls.o
 .debug_macro   0x000016ca      0x118 ./system/src/newlib/_syscalls.o
 .debug_macro   0x000017e2      0x159 ./system/src/newlib/_syscalls.o
 .debug_macro   0x0000193b       0x16 ./system/src/newlib/_syscalls.o
 .debug_macro   0x00001951      0x1d9 ./system/src/diag/Trace.o
 .debug_macro   0x00001b2a       0x4c ./system/src/diag/Trace.o
 .debug_macro   0x00001b76       0x16 ./system/src/diag/Trace.o
 .debug_macro   0x00001b8c      0x512 ./system/src/diag/trace_impl.o
 .debug_macro   0x0000209e       0x22 ./system/src/diag/trace_impl.o
 .debug_macro   0x000020c0      0x4d6 ./system/src/cortexm/_initialize_hardware.o
 .debug_macro   0x00002596      0x535 ./system/src/cortexm/exception_handlers.o
 .debug_macro   0x00002acb       0x3b ./system/src/cortexm/exception_handlers.o
 .debug_macro   0x00002b06      0x4d2 ./system/src/cmsis/system_stm32f4xx.o
 .debug_macro   0x00002fd8       0x34 ./system/src/cmsis/vectors_stm32f401xc.o
 .debug_macro   0x0000300c       0x2c ./src/Dma.o
 .debug_macro   0x00003038      0x11e ./src/Dma.o
 .debug_macro   0x00003156       0x22 ./src/Dma.o
 .debug_macro   0x00003178       0x2c ./src/Gpio.o
 .debug_macro   0x000031a4       0x3a ./src/Gpio.o
 .debug_macro   0x000031de       0x2d ./src/NVIC.o
 .debug_macro   0x0000320b       0x2e ./src/NVIC.o
 .debug_macro   0x00003239       0x2c ./src/Rcc.o
 .debug_macro   0x00003265       0x52 ./src/Rcc.o
 .debug_macro   0x000032b7       0x2c ./src/Uart.o
 .debug_macro   0x000032e3       0x40 ./src/Uart.o
 .debug_macro   0x00003323       0x63 ./src/UsartHal.o
 .debug_macro   0x00003386       0x16 ./src/UsartHal.o
 .debug_macro   0x0000339c       0x16 ./src/UsartHal.o
 .debug_macro   0x000033b2       0x35 ./src/UsartHal_cfg.o
 .debug_macro   0x000033e7      0x1f8 ./src/main.o
